Jul 20 08:01:44 localhost kernel: imklog 5.8.10, log source = /proc/kmsg started.
Jul 20 08:01:44 localhost rsyslogd: [origin software="rsyslogd" swVersion="5.8.10" x-pid="898" x-info="http://www.rsyslog.com"] start
Jul 20 08:01:44 localhost kernel: Initializing cgroup subsys cpuset
Jul 20 08:01:44 localhost kernel: Initializing cgroup subsys cpu
Jul 20 08:01:44 localhost kernel: Linux version 2.6.32-504.el6.x86_64 (mockbuild@c6b9.bsys.dev.centos.org) (gcc version 4.4.7 20120313 (Red Hat 4.4.7-11) (GCC) ) #1 SMP Wed Oct 15 04:27:16 UTC 2014
Jul 20 08:01:44 localhost kernel: Command line: ro root=/dev/mapper/VolGroup-lv_root rd_NO_LUKS LANG=en_US.UTF-8 rd_NO_MD rd_LVM_LV=VolGroup/lv_swap SYSFONT=latarcyrheb-sun16 crashkernel=auto rd_LVM_LV=VolGroup/lv_root  KEYBOARDTYPE=pc KEYTABLE=us rd_NO_DM rhgb quiet
Jul 20 08:01:44 localhost kernel: KERNEL supported cpus:
Jul 20 08:01:44 localhost kernel:  Intel GenuineIntel
Jul 20 08:01:44 localhost kernel:  AMD AuthenticAMD
Jul 20 08:01:44 localhost kernel:  Centaur CentaurHauls
Jul 20 08:01:44 localhost kernel: Disabled fast string operations
Jul 20 08:01:44 localhost kernel: BIOS-provided physical RAM map:
Jul 20 08:01:44 localhost kernel: BIOS-e820: 0000000000000000 - 000000000009f000 (usable)
Jul 20 08:01:44 localhost kernel: BIOS-e820: 000000000009f000 - 00000000000a0000 (reserved)
Jul 20 08:01:44 localhost kernel: BIOS-e820: 00000000000dc000 - 0000000000100000 (reserved)
Jul 20 08:01:44 localhost kernel: BIOS-e820: 0000000000100000 - 000000003fee0000 (usable)
Jul 20 08:01:44 localhost kernel: BIOS-e820: 000000003fee0000 - 000000003feff000 (ACPI data)
Jul 20 08:01:44 localhost kernel: BIOS-e820: 000000003feff000 - 000000003ff00000 (ACPI NVS)
Jul 20 08:01:44 localhost kernel: BIOS-e820: 000000003ff00000 - 0000000040000000 (usable)
Jul 20 08:01:44 localhost kernel: BIOS-e820: 00000000f0000000 - 00000000f8000000 (reserved)
Jul 20 08:01:44 localhost kernel: BIOS-e820: 00000000fec00000 - 00000000fec10000 (reserved)
Jul 20 08:01:44 localhost kernel: BIOS-e820: 00000000fee00000 - 00000000fee01000 (reserved)
Jul 20 08:01:44 localhost kernel: BIOS-e820: 00000000fffe0000 - 0000000100000000 (reserved)
Jul 20 08:01:44 localhost kernel: DMI present.
Jul 20 08:01:44 localhost kernel: SMBIOS version 2.4 @ 0xF6A70
Jul 20 08:01:44 localhost kernel: Phoenix BIOS detected: BIOS may corrupt low RAM, working around it.
Jul 20 08:01:44 localhost kernel: Hypervisor detected: VMware
Jul 20 08:01:44 localhost kernel: last_pfn = 0x40000 max_arch_pfn = 0x400000000
Jul 20 08:01:44 localhost kernel: x86 PAT enabled: cpu 0, old 0x0, new 0x7010600070106
Jul 20 08:01:44 localhost kernel: Using GB pages for direct mapping
Jul 20 08:01:44 localhost kernel: init_memory_mapping: 0000000000000000-0000000040000000
Jul 20 08:01:44 localhost kernel: RAMDISK: 36e5a000 - 37fef2b5
Jul 20 08:01:44 localhost kernel: ACPI: RSDP 00000000000f6ac0 00024 (v02 PTLTD )
Jul 20 08:01:44 localhost kernel: ACPI: XSDT 000000003feeda33 0005C (v01 INTEL  440BX    06040000 VMW  01324272)
Jul 20 08:01:44 localhost kernel: ACPI: FACP 000000003fefee73 000F4 (v04 INTEL  440BX    06040000 PTL  000F4240)
Jul 20 08:01:44 localhost kernel: ACPI: DSDT 000000003feee82f 10644 (v01 PTLTD  Custom   06040000 MSFT 03000001)
Jul 20 08:01:44 localhost kernel: ACPI: FACS 000000003fefffc0 00040
Jul 20 08:01:44 localhost kernel: ACPI: BOOT 000000003feee807 00028 (v01 PTLTD  $SBFTBL$ 06040000  LTP 00000001)
Jul 20 08:01:44 localhost kernel: ACPI: APIC 000000003feee445 003C2 (v01 PTLTD  ? APIC   06040000  LTP 00000000)
Jul 20 08:01:44 localhost kernel: ACPI: MCFG 000000003feee409 0003C (v01 PTLTD  $PCITBL$ 06040000  LTP 00000001)
Jul 20 08:01:44 localhost kernel: ACPI: SRAT 000000003feedb2f 004D0 (v02 VMWARE MEMPLUG  06040000 VMW  00000001)
Jul 20 08:01:44 localhost kernel: ACPI: HPET 000000003feedaf7 00038 (v01 VMWARE VMW HPET 06040000 VMW  00000001)
Jul 20 08:01:44 localhost kernel: ACPI: WAET 000000003feedacf 00028 (v01 VMWARE VMW WAET 06040000 VMW  00000001)
Jul 20 08:01:44 localhost kernel: Setting APIC routing to physical flat.
Jul 20 08:01:44 localhost kernel: SRAT: PXM 0 -> APIC 0 -> Node 0
Jul 20 08:01:44 localhost kernel: SRAT: PXM 0 -> APIC 1 -> Node 0
Jul 20 08:01:44 localhost kernel: SRAT: PXM 0 -> APIC 2 -> Node 0
Jul 20 08:01:44 localhost kernel: SRAT: PXM 0 -> APIC 3 -> Node 0
Jul 20 08:01:44 localhost kernel: SRAT: PXM 0 -> APIC 4 -> Node 0
Jul 20 08:01:44 localhost kernel: SRAT: PXM 0 -> APIC 5 -> Node 0
Jul 20 08:01:44 localhost kernel: SRAT: PXM 0 -> APIC 6 -> Node 0
Jul 20 08:01:44 localhost kernel: SRAT: PXM 0 -> APIC 7 -> Node 0
Jul 20 08:01:44 localhost kernel: SRAT: PXM 0 -> APIC 8 -> Node 0
Jul 20 08:01:44 localhost kernel: SRAT: PXM 0 -> APIC 9 -> Node 0
Jul 20 08:01:44 localhost kernel: SRAT: PXM 0 -> APIC 10 -> Node 0
Jul 20 08:01:44 localhost kernel: SRAT: PXM 0 -> APIC 11 -> Node 0
Jul 20 08:01:44 localhost kernel: SRAT: PXM 0 -> APIC 12 -> Node 0
Jul 20 08:01:44 localhost kernel: SRAT: PXM 0 -> APIC 13 -> Node 0
Jul 20 08:01:44 localhost kernel: SRAT: PXM 0 -> APIC 14 -> Node 0
Jul 20 08:01:44 localhost kernel: SRAT: PXM 0 -> APIC 15 -> Node 0
Jul 20 08:01:44 localhost kernel: SRAT: PXM 0 -> APIC 16 -> Node 0
Jul 20 08:01:44 localhost kernel: SRAT: PXM 0 -> APIC 17 -> Node 0
Jul 20 08:01:44 localhost kernel: SRAT: PXM 0 -> APIC 18 -> Node 0
Jul 20 08:01:44 localhost kernel: SRAT: PXM 0 -> APIC 19 -> Node 0
Jul 20 08:01:44 localhost kernel: SRAT: PXM 0 -> APIC 20 -> Node 0
Jul 20 08:01:44 localhost kernel: SRAT: PXM 0 -> APIC 21 -> Node 0
Jul 20 08:01:44 localhost kernel: SRAT: PXM 0 -> APIC 22 -> Node 0
Jul 20 08:01:44 localhost kernel: SRAT: PXM 0 -> APIC 23 -> Node 0
Jul 20 08:01:44 localhost kernel: SRAT: PXM 0 -> APIC 24 -> Node 0
Jul 20 08:01:44 localhost kernel: SRAT: PXM 0 -> APIC 25 -> Node 0
Jul 20 08:01:44 localhost kernel: SRAT: PXM 0 -> APIC 26 -> Node 0
Jul 20 08:01:44 localhost kernel: SRAT: PXM 0 -> APIC 27 -> Node 0
Jul 20 08:01:44 localhost kernel: SRAT: PXM 0 -> APIC 28 -> Node 0
Jul 20 08:01:44 localhost kernel: SRAT: PXM 0 -> APIC 29 -> Node 0
Jul 20 08:01:44 localhost kernel: SRAT: PXM 0 -> APIC 30 -> Node 0
Jul 20 08:01:44 localhost kernel: SRAT: PXM 0 -> APIC 31 -> Node 0
Jul 20 08:01:44 localhost kernel: SRAT: PXM 0 -> APIC 32 -> Node 0
Jul 20 08:01:44 localhost kernel: SRAT: PXM 0 -> APIC 33 -> Node 0
Jul 20 08:01:44 localhost kernel: SRAT: PXM 0 -> APIC 34 -> Node 0
Jul 20 08:01:44 localhost kernel: SRAT: PXM 0 -> APIC 35 -> Node 0
Jul 20 08:01:44 localhost kernel: SRAT: PXM 0 -> APIC 36 -> Node 0
Jul 20 08:01:44 localhost kernel: SRAT: PXM 0 -> APIC 37 -> Node 0
Jul 20 08:01:44 localhost kernel: SRAT: PXM 0 -> APIC 38 -> Node 0
Jul 20 08:01:44 localhost kernel: SRAT: PXM 0 -> APIC 39 -> Node 0
Jul 20 08:01:44 localhost kernel: SRAT: PXM 0 -> APIC 40 -> Node 0
Jul 20 08:01:44 localhost kernel: SRAT: PXM 0 -> APIC 41 -> Node 0
Jul 20 08:01:44 localhost kernel: SRAT: PXM 0 -> APIC 42 -> Node 0
Jul 20 08:01:44 localhost kernel: SRAT: PXM 0 -> APIC 43 -> Node 0
Jul 20 08:01:44 localhost kernel: SRAT: PXM 0 -> APIC 44 -> Node 0
Jul 20 08:01:44 localhost kernel: SRAT: PXM 0 -> APIC 45 -> Node 0
Jul 20 08:01:44 localhost kernel: SRAT: PXM 0 -> APIC 46 -> Node 0
Jul 20 08:01:44 localhost kernel: SRAT: PXM 0 -> APIC 47 -> Node 0
Jul 20 08:01:44 localhost kernel: SRAT: PXM 0 -> APIC 48 -> Node 0
Jul 20 08:01:44 localhost kernel: SRAT: PXM 0 -> APIC 49 -> Node 0
Jul 20 08:01:44 localhost kernel: SRAT: PXM 0 -> APIC 50 -> Node 0
Jul 20 08:01:44 localhost kernel: SRAT: PXM 0 -> APIC 51 -> Node 0
Jul 20 08:01:44 localhost kernel: SRAT: PXM 0 -> APIC 52 -> Node 0
Jul 20 08:01:44 localhost kernel: SRAT: PXM 0 -> APIC 53 -> Node 0
Jul 20 08:01:44 localhost kernel: SRAT: PXM 0 -> APIC 54 -> Node 0
Jul 20 08:01:44 localhost kernel: SRAT: PXM 0 -> APIC 55 -> Node 0
Jul 20 08:01:44 localhost kernel: SRAT: PXM 0 -> APIC 56 -> Node 0
Jul 20 08:01:44 localhost kernel: SRAT: PXM 0 -> APIC 57 -> Node 0
Jul 20 08:01:44 localhost kernel: SRAT: PXM 0 -> APIC 58 -> Node 0
Jul 20 08:01:44 localhost kernel: SRAT: PXM 0 -> APIC 59 -> Node 0
Jul 20 08:01:44 localhost kernel: SRAT: PXM 0 -> APIC 60 -> Node 0
Jul 20 08:01:44 localhost kernel: SRAT: PXM 0 -> APIC 61 -> Node 0
Jul 20 08:01:44 localhost kernel: SRAT: PXM 0 -> APIC 62 -> Node 0
Jul 20 08:01:44 localhost kernel: SRAT: PXM 0 -> APIC 63 -> Node 0
Jul 20 08:01:44 localhost kernel: SRAT: Node 0 PXM 0 0-a0000
Jul 20 08:01:44 localhost kernel: SRAT: Node 0 PXM 0 100000-10000000
Jul 20 08:01:44 localhost kernel: SRAT: Node 0 PXM 0 10000000-40000000
Jul 20 08:01:44 localhost kernel: SRAT: Node 0 PXM 0 40000000-c0000000
Jul 20 08:01:44 localhost kernel: SRAT: hot plug zone found 40000000 - c0000000
Jul 20 08:01:44 localhost kernel: Bootmem setup node 0 0000000000000000-0000000040000000
Jul 20 08:01:44 localhost kernel:  NODE_DATA [0000000000011840 - 000000000004583f]
Jul 20 08:01:44 localhost kernel:  bootmap [0000000000046000 -  000000000004dfff] pages 8
Jul 20 08:01:44 localhost kernel: (7 early reservations) ==> bootmem [0000000000 - 0040000000]
Jul 20 08:01:44 localhost kernel:  #0 [0000000000 - 0000001000]   BIOS data page ==> [0000000000 - 0000001000]
Jul 20 08:01:44 localhost kernel:  #1 [0000006000 - 0000008000]       TRAMPOLINE ==> [0000006000 - 0000008000]
Jul 20 08:01:44 localhost kernel:  #2 [0001000000 - 000202abe4]    TEXT DATA BSS ==> [0001000000 - 000202abe4]
Jul 20 08:01:44 localhost kernel:  #3 [0036e5a000 - 0037fef2b5]          RAMDISK ==> [0036e5a000 - 0037fef2b5]
Jul 20 08:01:44 localhost kernel:  #4 [000009f000 - 0000100000]    BIOS reserved ==> [000009f000 - 0000100000]
Jul 20 08:01:44 localhost kernel:  #5 [000202b000 - 000202bf9d]              BRK ==> [000202b000 - 000202bf9d]
Jul 20 08:01:44 localhost kernel:  #6 [0000010000 - 0000011840]       MEMNODEMAP ==> [0000010000 - 0000011840]
Jul 20 08:01:44 localhost kernel: found SMP MP-table at [ffff8800000f6b30] f6b30
Jul 20 08:01:44 localhost kernel: crashkernel=auto resulted in zero bytes of reserved memory.
Jul 20 08:01:44 localhost kernel: Zone PFN ranges:
Jul 20 08:01:44 localhost kernel:  DMA      0x00000010 -> 0x00001000
Jul 20 08:01:44 localhost kernel:  DMA32    0x00001000 -> 0x00100000
Jul 20 08:01:44 localhost kernel:  Normal   0x00100000 -> 0x00100000
Jul 20 08:01:44 localhost kernel: Movable zone start PFN for each node
Jul 20 08:01:44 localhost kernel: early_node_map[3] active PFN ranges
Jul 20 08:01:44 localhost kernel:    0: 0x00000010 -> 0x0000009f
Jul 20 08:01:44 localhost kernel:    0: 0x00000100 -> 0x0003fee0
Jul 20 08:01:44 localhost kernel:    0: 0x0003ff00 -> 0x00040000
Jul 20 08:01:44 localhost kernel: ACPI: PM-Timer IO Port: 0x1008
Jul 20 08:01:44 localhost kernel: Setting APIC routing to physical flat.
Jul 20 08:01:44 localhost kernel: ACPI: LAPIC (acpi_id[0x00] lapic_id[0x00] enabled)
Jul 20 08:01:44 localhost kernel: ACPI: LAPIC (acpi_id[0x01] lapic_id[0x01] enabled)
Jul 20 08:01:44 localhost kernel: ACPI: LAPIC (acpi_id[0x02] lapic_id[0x02] disabled)
Jul 20 08:01:44 localhost kernel: ACPI: LAPIC (acpi_id[0x03] lapic_id[0x03] disabled)
Jul 20 08:01:44 localhost kernel: ACPI: LAPIC (acpi_id[0x04] lapic_id[0x04] disabled)
Jul 20 08:01:44 localhost kernel: ACPI: LAPIC (acpi_id[0x05] lapic_id[0x05] disabled)
Jul 20 08:01:44 localhost kernel: ACPI: LAPIC (acpi_id[0x06] lapic_id[0x06] disabled)
Jul 20 08:01:44 localhost kernel: ACPI: LAPIC (acpi_id[0x07] lapic_id[0x07] disabled)
Jul 20 08:01:44 localhost kernel: ACPI: LAPIC (acpi_id[0x08] lapic_id[0x08] disabled)
Jul 20 08:01:44 localhost kernel: ACPI: LAPIC (acpi_id[0x09] lapic_id[0x09] disabled)
Jul 20 08:01:44 localhost kernel: ACPI: LAPIC (acpi_id[0x0a] lapic_id[0x0a] disabled)
Jul 20 08:01:44 localhost kernel: ACPI: LAPIC (acpi_id[0x0b] lapic_id[0x0b] disabled)
Jul 20 08:01:44 localhost kernel: ACPI: LAPIC (acpi_id[0x0c] lapic_id[0x0c] disabled)
Jul 20 08:01:44 localhost kernel: ACPI: LAPIC (acpi_id[0x0d] lapic_id[0x0d] disabled)
Jul 20 08:01:44 localhost kernel: ACPI: LAPIC (acpi_id[0x0e] lapic_id[0x0e] disabled)
Jul 20 08:01:44 localhost kernel: ACPI: LAPIC (acpi_id[0x0f] lapic_id[0x0f] disabled)
Jul 20 08:01:44 localhost kernel: ACPI: LAPIC (acpi_id[0x10] lapic_id[0x10] disabled)
Jul 20 08:01:44 localhost kernel: ACPI: LAPIC (acpi_id[0x11] lapic_id[0x11] disabled)
Jul 20 08:01:44 localhost kernel: ACPI: LAPIC (acpi_id[0x12] lapic_id[0x12] disabled)
Jul 20 08:01:44 localhost kernel: ACPI: LAPIC (acpi_id[0x13] lapic_id[0x13] disabled)
Jul 20 08:01:44 localhost kernel: ACPI: LAPIC (acpi_id[0x14] lapic_id[0x14] disabled)
Jul 20 08:01:44 localhost kernel: ACPI: LAPIC (acpi_id[0x15] lapic_id[0x15] disabled)
Jul 20 08:01:44 localhost kernel: ACPI: LAPIC (acpi_id[0x16] lapic_id[0x16] disabled)
Jul 20 08:01:44 localhost kernel: ACPI: LAPIC (acpi_id[0x17] lapic_id[0x17] disabled)
Jul 20 08:01:44 localhost kernel: ACPI: LAPIC (acpi_id[0x18] lapic_id[0x18] disabled)
Jul 20 08:01:44 localhost kernel: ACPI: LAPIC (acpi_id[0x19] lapic_id[0x19] disabled)
Jul 20 08:01:44 localhost kernel: ACPI: LAPIC (acpi_id[0x1a] lapic_id[0x1a] disabled)
Jul 20 08:01:44 localhost kernel: ACPI: LAPIC (acpi_id[0x1b] lapic_id[0x1b] disabled)
Jul 20 08:01:44 localhost kernel: ACPI: LAPIC (acpi_id[0x1c] lapic_id[0x1c] disabled)
Jul 20 08:01:44 localhost kernel: ACPI: LAPIC (acpi_id[0x1d] lapic_id[0x1d] disabled)
Jul 20 08:01:44 localhost kernel: ACPI: LAPIC (acpi_id[0x1e] lapic_id[0x1e] disabled)
Jul 20 08:01:44 localhost kernel: ACPI: LAPIC (acpi_id[0x1f] lapic_id[0x1f] disabled)
Jul 20 08:01:44 localhost kernel: ACPI: LAPIC (acpi_id[0x20] lapic_id[0x20] disabled)
Jul 20 08:01:44 localhost kernel: ACPI: LAPIC (acpi_id[0x21] lapic_id[0x21] disabled)
Jul 20 08:01:44 localhost kernel: ACPI: LAPIC (acpi_id[0x22] lapic_id[0x22] disabled)
Jul 20 08:01:44 localhost kernel: ACPI: LAPIC (acpi_id[0x23] lapic_id[0x23] disabled)
Jul 20 08:01:44 localhost kernel: ACPI: LAPIC (acpi_id[0x24] lapic_id[0x24] disabled)
Jul 20 08:01:44 localhost kernel: ACPI: LAPIC (acpi_id[0x25] lapic_id[0x25] disabled)
Jul 20 08:01:44 localhost kernel: ACPI: LAPIC (acpi_id[0x26] lapic_id[0x26] disabled)
Jul 20 08:01:44 localhost kernel: ACPI: LAPIC (acpi_id[0x27] lapic_id[0x27] disabled)
Jul 20 08:01:44 localhost kernel: ACPI: LAPIC (acpi_id[0x28] lapic_id[0x28] disabled)
Jul 20 08:01:44 localhost kernel: ACPI: LAPIC (acpi_id[0x29] lapic_id[0x29] disabled)
Jul 20 08:01:44 localhost kernel: ACPI: LAPIC (acpi_id[0x2a] lapic_id[0x2a] disabled)
Jul 20 08:01:44 localhost kernel: ACPI: LAPIC (acpi_id[0x2b] lapic_id[0x2b] disabled)
Jul 20 08:01:44 localhost kernel: ACPI: LAPIC (acpi_id[0x2c] lapic_id[0x2c] disabled)
Jul 20 08:01:44 localhost kernel: ACPI: LAPIC (acpi_id[0x2d] lapic_id[0x2d] disabled)
Jul 20 08:01:44 localhost kernel: ACPI: LAPIC (acpi_id[0x2e] lapic_id[0x2e] disabled)
Jul 20 08:01:44 localhost kernel: ACPI: LAPIC (acpi_id[0x2f] lapic_id[0x2f] disabled)
Jul 20 08:01:44 localhost kernel: ACPI: LAPIC (acpi_id[0x30] lapic_id[0x30] disabled)
Jul 20 08:01:44 localhost kernel: ACPI: LAPIC (acpi_id[0x31] lapic_id[0x31] disabled)
Jul 20 08:01:44 localhost kernel: ACPI: LAPIC (acpi_id[0x32] lapic_id[0x32] disabled)
Jul 20 08:01:44 localhost kernel: ACPI: LAPIC (acpi_id[0x33] lapic_id[0x33] disabled)
Jul 20 08:01:44 localhost kernel: ACPI: LAPIC (acpi_id[0x34] lapic_id[0x34] disabled)
Jul 20 08:01:44 localhost kernel: ACPI: LAPIC (acpi_id[0x35] lapic_id[0x35] disabled)
Jul 20 08:01:44 localhost kernel: ACPI: LAPIC (acpi_id[0x36] lapic_id[0x36] disabled)
Jul 20 08:01:44 localhost kernel: ACPI: LAPIC (acpi_id[0x37] lapic_id[0x37] disabled)
Jul 20 08:01:44 localhost kernel: ACPI: LAPIC (acpi_id[0x38] lapic_id[0x38] disabled)
Jul 20 08:01:44 localhost kernel: ACPI: LAPIC (acpi_id[0x39] lapic_id[0x39] disabled)
Jul 20 08:01:44 localhost kernel: ACPI: LAPIC (acpi_id[0x3a] lapic_id[0x3a] disabled)
Jul 20 08:01:44 localhost kernel: ACPI: LAPIC (acpi_id[0x3b] lapic_id[0x3b] disabled)
Jul 20 08:01:44 localhost kernel: ACPI: LAPIC (acpi_id[0x3c] lapic_id[0x3c] disabled)
Jul 20 08:01:44 localhost kernel: ACPI: LAPIC (acpi_id[0x3d] lapic_id[0x3d] disabled)
Jul 20 08:01:44 localhost kernel: ACPI: LAPIC (acpi_id[0x3e] lapic_id[0x3e] disabled)
Jul 20 08:01:44 localhost kernel: ACPI: LAPIC (acpi_id[0x3f] lapic_id[0x3f] disabled)
Jul 20 08:01:44 localhost kernel: ACPI: LAPIC_NMI (acpi_id[0x00] high edge lint[0x1])
Jul 20 08:01:44 localhost kernel: ACPI: LAPIC_NMI (acpi_id[0x01] high edge lint[0x1])
Jul 20 08:01:44 localhost kernel: ACPI: LAPIC_NMI (acpi_id[0x02] high edge lint[0x1])
Jul 20 08:01:44 localhost kernel: ACPI: LAPIC_NMI (acpi_id[0x03] high edge lint[0x1])
Jul 20 08:01:44 localhost kernel: ACPI: LAPIC_NMI (acpi_id[0x04] high edge lint[0x1])
Jul 20 08:01:44 localhost kernel: ACPI: LAPIC_NMI (acpi_id[0x05] high edge lint[0x1])
Jul 20 08:01:44 localhost kernel: ACPI: LAPIC_NMI (acpi_id[0x06] high edge lint[0x1])
Jul 20 08:01:44 localhost kernel: ACPI: LAPIC_NMI (acpi_id[0x07] high edge lint[0x1])
Jul 20 08:01:44 localhost kernel: ACPI: LAPIC_NMI (acpi_id[0x08] high edge lint[0x1])
Jul 20 08:01:44 localhost kernel: ACPI: LAPIC_NMI (acpi_id[0x09] high edge lint[0x1])
Jul 20 08:01:44 localhost kernel: ACPI: LAPIC_NMI (acpi_id[0x0a] high edge lint[0x1])
Jul 20 08:01:44 localhost kernel: ACPI: LAPIC_NMI (acpi_id[0x0b] high edge lint[0x1])
Jul 20 08:01:44 localhost kernel: ACPI: LAPIC_NMI (acpi_id[0x0c] high edge lint[0x1])
Jul 20 08:01:44 localhost kernel: ACPI: LAPIC_NMI (acpi_id[0x0d] high edge lint[0x1])
Jul 20 08:01:44 localhost kernel: ACPI: LAPIC_NMI (acpi_id[0x0e] high edge lint[0x1])
Jul 20 08:01:44 localhost kernel: ACPI: LAPIC_NMI (acpi_id[0x0f] high edge lint[0x1])
Jul 20 08:01:44 localhost kernel: ACPI: LAPIC_NMI (acpi_id[0x10] high edge lint[0x1])
Jul 20 08:01:44 localhost kernel: ACPI: LAPIC_NMI (acpi_id[0x11] high edge lint[0x1])
Jul 20 08:01:44 localhost kernel: ACPI: LAPIC_NMI (acpi_id[0x12] high edge lint[0x1])
Jul 20 08:01:44 localhost kernel: ACPI: LAPIC_NMI (acpi_id[0x13] high edge lint[0x1])
Jul 20 08:01:44 localhost kernel: ACPI: LAPIC_NMI (acpi_id[0x14] high edge lint[0x1])
Jul 20 08:01:44 localhost kernel: ACPI: LAPIC_NMI (acpi_id[0x15] high edge lint[0x1])
Jul 20 08:01:44 localhost kernel: ACPI: LAPIC_NMI (acpi_id[0x16] high edge lint[0x1])
Jul 20 08:01:44 localhost kernel: ACPI: LAPIC_NMI (acpi_id[0x17] high edge lint[0x1])
Jul 20 08:01:44 localhost kernel: ACPI: LAPIC_NMI (acpi_id[0x18] high edge lint[0x1])
Jul 20 08:01:44 localhost kernel: ACPI: LAPIC_NMI (acpi_id[0x19] high edge lint[0x1])
Jul 20 08:01:44 localhost kernel: ACPI: LAPIC_NMI (acpi_id[0x1a] high edge lint[0x1])
Jul 20 08:01:44 localhost kernel: ACPI: LAPIC_NMI (acpi_id[0x1b] high edge lint[0x1])
Jul 20 08:01:44 localhost kernel: ACPI: LAPIC_NMI (acpi_id[0x1c] high edge lint[0x1])
Jul 20 08:01:44 localhost kernel: ACPI: LAPIC_NMI (acpi_id[0x1d] high edge lint[0x1])
Jul 20 08:01:44 localhost kernel: ACPI: LAPIC_NMI (acpi_id[0x1e] high edge lint[0x1])
Jul 20 08:01:44 localhost kernel: ACPI: LAPIC_NMI (acpi_id[0x1f] high edge lint[0x1])
Jul 20 08:01:44 localhost kernel: ACPI: LAPIC_NMI (acpi_id[0x20] high edge lint[0x1])
Jul 20 08:01:44 localhost kernel: ACPI: LAPIC_NMI (acpi_id[0x21] high edge lint[0x1])
Jul 20 08:01:44 localhost kernel: ACPI: LAPIC_NMI (acpi_id[0x22] high edge lint[0x1])
Jul 20 08:01:44 localhost kernel: ACPI: LAPIC_NMI (acpi_id[0x23] high edge lint[0x1])
Jul 20 08:01:44 localhost kernel: ACPI: LAPIC_NMI (acpi_id[0x24] high edge lint[0x1])
Jul 20 08:01:44 localhost kernel: ACPI: LAPIC_NMI (acpi_id[0x25] high edge lint[0x1])
Jul 20 08:01:44 localhost kernel: ACPI: LAPIC_NMI (acpi_id[0x26] high edge lint[0x1])
Jul 20 08:01:44 localhost kernel: ACPI: LAPIC_NMI (acpi_id[0x27] high edge lint[0x1])
Jul 20 08:01:44 localhost kernel: ACPI: LAPIC_NMI (acpi_id[0x28] high edge lint[0x1])
Jul 20 08:01:44 localhost kernel: ACPI: LAPIC_NMI (acpi_id[0x29] high edge lint[0x1])
Jul 20 08:01:44 localhost kernel: ACPI: LAPIC_NMI (acpi_id[0x2a] high edge lint[0x1])
Jul 20 08:01:44 localhost kernel: ACPI: LAPIC_NMI (acpi_id[0x2b] high edge lint[0x1])
Jul 20 08:01:44 localhost kernel: ACPI: LAPIC_NMI (acpi_id[0x2c] high edge lint[0x1])
Jul 20 08:01:44 localhost kernel: ACPI: LAPIC_NMI (acpi_id[0x2d] high edge lint[0x1])
Jul 20 08:01:44 localhost kernel: ACPI: LAPIC_NMI (acpi_id[0x2e] high edge lint[0x1])
Jul 20 08:01:44 localhost kernel: ACPI: LAPIC_NMI (acpi_id[0x2f] high edge lint[0x1])
Jul 20 08:01:44 localhost kernel: ACPI: LAPIC_NMI (acpi_id[0x30] high edge lint[0x1])
Jul 20 08:01:44 localhost kernel: ACPI: LAPIC_NMI (acpi_id[0x31] high edge lint[0x1])
Jul 20 08:01:44 localhost kernel: ACPI: LAPIC_NMI (acpi_id[0x32] high edge lint[0x1])
Jul 20 08:01:44 localhost kernel: ACPI: LAPIC_NMI (acpi_id[0x33] high edge lint[0x1])
Jul 20 08:01:44 localhost kernel: ACPI: LAPIC_NMI (acpi_id[0x34] high edge lint[0x1])
Jul 20 08:01:44 localhost kernel: ACPI: LAPIC_NMI (acpi_id[0x35] high edge lint[0x1])
Jul 20 08:01:44 localhost kernel: ACPI: LAPIC_NMI (acpi_id[0x36] high edge lint[0x1])
Jul 20 08:01:44 localhost kernel: ACPI: LAPIC_NMI (acpi_id[0x37] high edge lint[0x1])
Jul 20 08:01:44 localhost kernel: ACPI: LAPIC_NMI (acpi_id[0x38] high edge lint[0x1])
Jul 20 08:01:44 localhost kernel: ACPI: LAPIC_NMI (acpi_id[0x39] high edge lint[0x1])
Jul 20 08:01:44 localhost kernel: ACPI: LAPIC_NMI (acpi_id[0x3a] high edge lint[0x1])
Jul 20 08:01:44 localhost kernel: ACPI: LAPIC_NMI (acpi_id[0x3b] high edge lint[0x1])
Jul 20 08:01:44 localhost kernel: ACPI: LAPIC_NMI (acpi_id[0x3c] high edge lint[0x1])
Jul 20 08:01:44 localhost kernel: ACPI: LAPIC_NMI (acpi_id[0x3d] high edge lint[0x1])
Jul 20 08:01:44 localhost kernel: ACPI: LAPIC_NMI (acpi_id[0x3e] high edge lint[0x1])
Jul 20 08:01:44 localhost kernel: ACPI: LAPIC_NMI (acpi_id[0x3f] high edge lint[0x1])
Jul 20 08:01:44 localhost kernel: ACPI: IOAPIC (id[0x40] address[0xfec00000] gsi_base[0])
Jul 20 08:01:44 localhost kernel: IOAPIC[0]: apic_id 64, version 17, address 0xfec00000, GSI 0-23
Jul 20 08:01:44 localhost kernel: ACPI: INT_SRC_OVR (bus 0 bus_irq 0 global_irq 2 high edge)
Jul 20 08:01:44 localhost kernel: Using ACPI (MADT) for SMP configuration information
Jul 20 08:01:44 localhost kernel: ACPI: HPET id: 0x8086af01 base: 0xfed00000
Jul 20 08:01:44 localhost kernel: SMP: Allowing 64 CPUs, 62 hotplug CPUs
Jul 20 08:01:44 localhost kernel: PM: Registered nosave memory: 000000000009f000 - 00000000000a0000
Jul 20 08:01:44 localhost kernel: PM: Registered nosave memory: 00000000000a0000 - 00000000000dc000
Jul 20 08:01:44 localhost kernel: PM: Registered nosave memory: 00000000000dc000 - 0000000000100000
Jul 20 08:01:44 localhost kernel: PM: Registered nosave memory: 000000003fee0000 - 000000003feff000
Jul 20 08:01:44 localhost kernel: PM: Registered nosave memory: 000000003feff000 - 000000003ff00000
Jul 20 08:01:44 localhost kernel: Allocating PCI resources starting at 40000000 (gap: 40000000:b0000000)
Jul 20 08:01:44 localhost kernel: Booting paravirtualized kernel on bare hardware
Jul 20 08:01:44 localhost kernel: NR_CPUS:4096 nr_cpumask_bits:64 nr_cpu_ids:64 nr_node_ids:1
Jul 20 08:01:44 localhost kernel: PERCPU: Embedded 31 pages/cpu @ffff880003400000 s95064 r8192 d23720 u131072
Jul 20 08:01:44 localhost kernel: pcpu-alloc: s95064 r8192 d23720 u131072 alloc=1*2097152
Jul 20 08:01:44 localhost kernel: pcpu-alloc: [0] 00 01 02 03 04 05 06 07 08 09 10 11 12 13 14 15 
Jul 20 08:01:44 localhost kernel: pcpu-alloc: [0] 16 17 18 19 20 21 22 23 24 25 26 27 28 29 30 31 
Jul 20 08:01:44 localhost kernel: pcpu-alloc: [0] 32 33 34 35 36 37 38 39 40 41 42 43 44 45 46 47 
Jul 20 08:01:44 localhost kernel: pcpu-alloc: [0] 48 49 50 51 52 53 54 55 56 57 58 59 60 61 62 63 
Jul 20 08:01:44 localhost kernel: Built 1 zonelists in Node order, mobility grouping on.  Total pages: 258314
Jul 20 08:01:44 localhost kernel: Policy zone: DMA32
Jul 20 08:01:44 localhost kernel: Kernel command line: ro root=/dev/mapper/VolGroup-lv_root rd_NO_LUKS LANG=en_US.UTF-8 rd_NO_MD rd_LVM_LV=VolGroup/lv_swap SYSFONT=latarcyrheb-sun16  rd_LVM_LV=VolGroup/lv_root  KEYBOARDTYPE=pc KEYTABLE=us rd_NO_DM rhgb quiet
Jul 20 08:01:44 localhost kernel: PID hash table entries: 4096 (order: 3, 32768 bytes)
Jul 20 08:01:44 localhost kernel: xsave/xrstor: enabled xstate_bv 0x7, cntxt size 0x340
Jul 20 08:01:44 localhost kernel: Checking aperture...
Jul 20 08:01:44 localhost kernel: No AGP bridge found
Jul 20 08:01:44 localhost kernel: Memory: 990636k/1048576k available (5336k kernel code, 580k absent, 57360k reserved, 7016k data, 1292k init)
Jul 20 08:01:44 localhost kernel: Hierarchical RCU implementation.
Jul 20 08:01:44 localhost kernel: NR_IRQS:33024 nr_irqs:920
Jul 20 08:01:44 localhost kernel: Extended CMOS year: 2000
Jul 20 08:01:44 localhost kernel: Console: colour VGA+ 80x25
Jul 20 08:01:44 localhost kernel: console [tty0] enabled
Jul 20 08:01:44 localhost kernel: allocated 4194304 bytes of page_cgroup
Jul 20 08:01:44 localhost kernel: please try 'cgroup_disable=memory' option if you don't want memory cgroups
Jul 20 08:01:44 localhost kernel: TSC freq read from hypervisor : 2394.530 MHz
Jul 20 08:01:44 localhost kernel: Detected 2394.530 MHz processor.
Jul 20 08:01:44 localhost kernel: Calibrating delay loop (skipped) preset value.. 4789.06 BogoMIPS (lpj=2394530)
Jul 20 08:01:44 localhost kernel: pid_max: default: 65536 minimum: 512
Jul 20 08:01:44 localhost kernel: Security Framework initialized
Jul 20 08:01:44 localhost kernel: SELinux:  Initializing.
Jul 20 08:01:44 localhost kernel: Dentry cache hash table entries: 131072 (order: 8, 1048576 bytes)
Jul 20 08:01:44 localhost kernel: Inode-cache hash table entries: 65536 (order: 7, 524288 bytes)
Jul 20 08:01:44 localhost kernel: Mount-cache hash table entries: 256
Jul 20 08:01:44 localhost kernel: Initializing cgroup subsys ns
Jul 20 08:01:44 localhost kernel: Initializing cgroup subsys cpuacct
Jul 20 08:01:44 localhost kernel: Initializing cgroup subsys memory
Jul 20 08:01:44 localhost kernel: Initializing cgroup subsys devices
Jul 20 08:01:44 localhost kernel: Initializing cgroup subsys freezer
Jul 20 08:01:44 localhost kernel: Initializing cgroup subsys net_cls
Jul 20 08:01:44 localhost kernel: Initializing cgroup subsys blkio
Jul 20 08:01:44 localhost kernel: Initializing cgroup subsys perf_event
Jul 20 08:01:44 localhost kernel: Initializing cgroup subsys net_prio
Jul 20 08:01:44 localhost kernel: Disabled fast string operations
Jul 20 08:01:44 localhost kernel: CPU: Physical Processor ID: 0
Jul 20 08:01:44 localhost kernel: CPU: Processor Core ID: 0
Jul 20 08:01:44 localhost kernel: mce: CPU supports 0 MCE banks
Jul 20 08:01:44 localhost kernel: alternatives: switching to unfair spinlock
Jul 20 08:01:44 localhost kernel: ACPI: Core revision 20090903
Jul 20 08:01:44 localhost kernel: ftrace: converting mcount calls to 0f 1f 44 00 00
Jul 20 08:01:44 localhost kernel: ftrace: allocating 21917 entries in 86 pages
Jul 20 08:01:44 localhost kernel: x2apic not enabled, IRQ remapping init failed
Jul 20 08:01:44 localhost kernel: APIC routing finalized to physical flat.
Jul 20 08:01:44 localhost kernel: ..TIMER: vector=0x30 apic1=0 pin1=2 apic2=-1 pin2=-1
Jul 20 08:01:44 localhost kernel: CPU0: Intel(R) Core(TM) i5-4210U CPU @ 1.70GHz stepping 01
Jul 20 08:01:44 localhost kernel: Performance Events: 16-deep LBR, Haswell events, core PMU driver.
Jul 20 08:01:44 localhost kernel: CPUID marked event: 'cpu cycles' unavailable
Jul 20 08:01:44 localhost kernel: CPUID marked event: 'instructions' unavailable
Jul 20 08:01:44 localhost kernel: CPUID marked event: 'bus cycles' unavailable
Jul 20 08:01:44 localhost kernel: CPUID marked event: 'cache references' unavailable
Jul 20 08:01:44 localhost kernel: CPUID marked event: 'cache misses' unavailable
Jul 20 08:01:44 localhost kernel: CPUID marked event: 'branch instructions' unavailable
Jul 20 08:01:44 localhost kernel: CPUID marked event: 'branch misses' unavailable
Jul 20 08:01:44 localhost kernel: ... version:                1
Jul 20 08:01:44 localhost kernel: ... bit width:              48
Jul 20 08:01:44 localhost kernel: ... generic registers:      4
Jul 20 08:01:44 localhost kernel: ... value mask:             0000ffffffffffff
Jul 20 08:01:44 localhost kernel: ... max period:             000000007fffffff
Jul 20 08:01:44 localhost kernel: ... fixed-purpose events:   0
Jul 20 08:01:44 localhost kernel: ... event mask:             000000000000000f
Jul 20 08:01:44 localhost kernel: NMI watchdog disabled (cpu0): hardware events not enabled
Jul 20 08:01:44 localhost kernel: Booting Node   0, Processors  #1
Jul 20 08:01:44 localhost kernel: Disabled fast string operations
Jul 20 08:01:44 localhost kernel: mce: CPU supports 0 MCE banks
Jul 20 08:01:44 localhost kernel: Brought up 2 CPUs
Jul 20 08:01:44 localhost kernel: Total of 2 processors activated (9578.12 BogoMIPS).
Jul 20 08:01:44 localhost kernel: x86 PAT enabled: cpu 0, old 0x0, new 0x7010600070106
Jul 20 08:01:44 localhost kernel: x86 PAT enabled: cpu 1, old 0x0, new 0x7010600070106
Jul 20 08:01:44 localhost kernel: devtmpfs: initialized
Jul 20 08:01:44 localhost kernel: PM: Registering ACPI NVS region at 3feff000 (4096 bytes)
Jul 20 08:01:44 localhost kernel: regulator: core version 0.5
Jul 20 08:01:44 localhost kernel: NET: Registered protocol family 16
Jul 20 08:01:44 localhost kernel: ACPI: bus type pci registered
Jul 20 08:01:44 localhost kernel: PCI: MCFG configuration 0: base f0000000 segment 0 buses 0 - 127
Jul 20 08:01:44 localhost kernel: PCI: MCFG area at f0000000 reserved in E820
Jul 20 08:01:44 localhost kernel: PCI: Using MMCONFIG at f0000000 - f7ffffff
Jul 20 08:01:44 localhost kernel: PCI: Using configuration type 1 for base access
Jul 20 08:01:44 localhost kernel: bio: create slab <bio-0> at 0
Jul 20 08:01:44 localhost kernel: ACPI: BIOS _OSI(Linux) query ignored
Jul 20 08:01:44 localhost kernel: ACPI: Interpreter enabled
Jul 20 08:01:44 localhost kernel: ACPI: (supports S0 S1 S4 S5)
Jul 20 08:01:44 localhost kernel: ACPI: Using IOAPIC for interrupt routing
Jul 20 08:01:44 localhost kernel: ACPI: No dock devices found.
Jul 20 08:01:44 localhost kernel: PCI: Using host bridge windows from ACPI; if necessary, use "pci=nocrs" and report a bug
Jul 20 08:01:44 localhost kernel: ACPI: PCI Root Bridge [PCI0] (domain 0000 [bus 00-7f])
Jul 20 08:01:44 localhost kernel: pci_root PNP0A03:00: host bridge window [mem 0x000a0000-0x000bffff]
Jul 20 08:01:44 localhost kernel: pci_root PNP0A03:00: host bridge window [mem 0x000cc000-0x000cffff]
Jul 20 08:01:44 localhost kernel: pci_root PNP0A03:00: host bridge window [mem 0x000d0000-0x000d3fff]
Jul 20 08:01:44 localhost kernel: pci_root PNP0A03:00: host bridge window [mem 0x000d4000-0x000d7fff]
Jul 20 08:01:44 localhost kernel: pci_root PNP0A03:00: host bridge window [mem 0x000d8000-0x000dbfff]
Jul 20 08:01:44 localhost kernel: pci_root PNP0A03:00: host bridge window [mem 0xc0000000-0xfebfffff]
Jul 20 08:01:44 localhost kernel: pci_root PNP0A03:00: host bridge window [io  0x0000-0x0cf7]
Jul 20 08:01:44 localhost kernel: pci_root PNP0A03:00: host bridge window [io  0x0d00-0xfeff]
Jul 20 08:01:44 localhost kernel: PCI host bridge to bus 0000:00
Jul 20 08:01:44 localhost kernel: pci_bus 0000:00: root bus resource [mem 0x000a0000-0x000bffff]
Jul 20 08:01:44 localhost kernel: pci_bus 0000:00: root bus resource [mem 0x000cc000-0x000cffff]
Jul 20 08:01:44 localhost kernel: pci_bus 0000:00: root bus resource [mem 0x000d0000-0x000d3fff]
Jul 20 08:01:44 localhost kernel: pci_bus 0000:00: root bus resource [mem 0x000d4000-0x000d7fff]
Jul 20 08:01:44 localhost kernel: pci_bus 0000:00: root bus resource [mem 0x000d8000-0x000dbfff]
Jul 20 08:01:44 localhost kernel: pci_bus 0000:00: root bus resource [mem 0xc0000000-0xfebfffff]
Jul 20 08:01:44 localhost kernel: pci_bus 0000:00: root bus resource [io  0x0000-0x0cf7]
Jul 20 08:01:44 localhost kernel: pci_bus 0000:00: root bus resource [io  0x0d00-0xfeff]
Jul 20 08:01:44 localhost kernel: pci 0000:00:07.3: quirk: [io  0x1000-0x103f] claimed by PIIX4 ACPI
Jul 20 08:01:44 localhost kernel: pci 0000:00:07.3: quirk: [io  0x1040-0x104f] claimed by PIIX4 SMB
Jul 20 08:01:44 localhost kernel: pci 0000:00:15.0: PME# supported from D0 D3hot D3cold
Jul 20 08:01:44 localhost kernel: pci 0000:00:15.0: PME# disabled
Jul 20 08:01:44 localhost kernel: pci 0000:00:15.1: PME# supported from D0 D3hot D3cold
Jul 20 08:01:44 localhost kernel: pci 0000:00:15.1: PME# disabled
Jul 20 08:01:44 localhost kernel: pci 0000:00:15.2: PME# supported from D0 D3hot D3cold
Jul 20 08:01:44 localhost kernel: pci 0000:00:15.2: PME# disabled
Jul 20 08:01:44 localhost kernel: pci 0000:00:15.3: PME# supported from D0 D3hot D3cold
Jul 20 08:01:44 localhost kernel: pci 0000:00:15.3: PME# disabled
Jul 20 08:01:44 localhost kernel: pci 0000:00:15.4: PME# supported from D0 D3hot D3cold
Jul 20 08:01:44 localhost kernel: pci 0000:00:15.4: PME# disabled
Jul 20 08:01:44 localhost kernel: pci 0000:00:15.5: PME# supported from D0 D3hot D3cold
Jul 20 08:01:44 localhost kernel: pci 0000:00:15.5: PME# disabled
Jul 20 08:01:44 localhost kernel: pci 0000:00:15.6: PME# supported from D0 D3hot D3cold
Jul 20 08:01:44 localhost kernel: pci 0000:00:15.6: PME# disabled
Jul 20 08:01:44 localhost kernel: pci 0000:00:15.7: PME# supported from D0 D3hot D3cold
Jul 20 08:01:44 localhost kernel: pci 0000:00:15.7: PME# disabled
Jul 20 08:01:44 localhost kernel: pci 0000:00:16.0: PME# supported from D0 D3hot D3cold
Jul 20 08:01:44 localhost kernel: pci 0000:00:16.0: PME# disabled
Jul 20 08:01:44 localhost kernel: pci 0000:00:16.1: PME# supported from D0 D3hot D3cold
Jul 20 08:01:44 localhost kernel: pci 0000:00:16.1: PME# disabled
Jul 20 08:01:44 localhost kernel: pci 0000:00:16.2: PME# supported from D0 D3hot D3cold
Jul 20 08:01:44 localhost kernel: pci 0000:00:16.2: PME# disabled
Jul 20 08:01:44 localhost kernel: pci 0000:00:16.3: PME# supported from D0 D3hot D3cold
Jul 20 08:01:44 localhost kernel: pci 0000:00:16.3: PME# disabled
Jul 20 08:01:44 localhost kernel: pci 0000:00:16.4: PME# supported from D0 D3hot D3cold
Jul 20 08:01:44 localhost kernel: pci 0000:00:16.4: PME# disabled
Jul 20 08:01:44 localhost kernel: pci 0000:00:16.5: PME# supported from D0 D3hot D3cold
Jul 20 08:01:44 localhost kernel: pci 0000:00:16.5: PME# disabled
Jul 20 08:01:44 localhost kernel: pci 0000:00:16.6: PME# supported from D0 D3hot D3cold
Jul 20 08:01:44 localhost kernel: pci 0000:00:16.6: PME# disabled
Jul 20 08:01:44 localhost kernel: pci 0000:00:16.7: PME# supported from D0 D3hot D3cold
Jul 20 08:01:44 localhost kernel: pci 0000:00:16.7: PME# disabled
Jul 20 08:01:44 localhost kernel: pci 0000:00:17.0: PME# supported from D0 D3hot D3cold
Jul 20 08:01:44 localhost kernel: pci 0000:00:17.0: PME# disabled
Jul 20 08:01:44 localhost kernel: pci 0000:00:17.1: PME# supported from D0 D3hot D3cold
Jul 20 08:01:44 localhost kernel: pci 0000:00:17.1: PME# disabled
Jul 20 08:01:44 localhost kernel: pci 0000:00:17.2: PME# supported from D0 D3hot D3cold
Jul 20 08:01:44 localhost kernel: pci 0000:00:17.2: PME# disabled
Jul 20 08:01:44 localhost kernel: pci 0000:00:17.3: PME# supported from D0 D3hot D3cold
Jul 20 08:01:44 localhost kernel: pci 0000:00:17.3: PME# disabled
Jul 20 08:01:44 localhost kernel: pci 0000:00:17.4: PME# supported from D0 D3hot D3cold
Jul 20 08:01:44 localhost kernel: pci 0000:00:17.4: PME# disabled
Jul 20 08:01:44 localhost kernel: pci 0000:00:17.5: PME# supported from D0 D3hot D3cold
Jul 20 08:01:44 localhost kernel: pci 0000:00:17.5: PME# disabled
Jul 20 08:01:44 localhost kernel: pci 0000:00:17.6: PME# supported from D0 D3hot D3cold
Jul 20 08:01:44 localhost kernel: pci 0000:00:17.6: PME# disabled
Jul 20 08:01:44 localhost kernel: pci 0000:00:17.7: PME# supported from D0 D3hot D3cold
Jul 20 08:01:44 localhost kernel: pci 0000:00:17.7: PME# disabled
Jul 20 08:01:44 localhost kernel: pci 0000:00:18.0: PME# supported from D0 D3hot D3cold
Jul 20 08:01:44 localhost kernel: pci 0000:00:18.0: PME# disabled
Jul 20 08:01:44 localhost kernel: pci 0000:00:18.1: PME# supported from D0 D3hot D3cold
Jul 20 08:01:44 localhost kernel: pci 0000:00:18.1: PME# disabled
Jul 20 08:01:44 localhost kernel: pci 0000:00:18.2: PME# supported from D0 D3hot D3cold
Jul 20 08:01:44 localhost kernel: pci 0000:00:18.2: PME# disabled
Jul 20 08:01:44 localhost kernel: pci 0000:00:18.3: PME# supported from D0 D3hot D3cold
Jul 20 08:01:44 localhost kernel: pci 0000:00:18.3: PME# disabled
Jul 20 08:01:44 localhost kernel: pci 0000:00:18.4: PME# supported from D0 D3hot D3cold
Jul 20 08:01:44 localhost kernel: pci 0000:00:18.4: PME# disabled
Jul 20 08:01:44 localhost kernel: pci 0000:00:18.5: PME# supported from D0 D3hot D3cold
Jul 20 08:01:44 localhost kernel: pci 0000:00:18.5: PME# disabled
Jul 20 08:01:44 localhost kernel: pci 0000:00:18.6: PME# supported from D0 D3hot D3cold
Jul 20 08:01:44 localhost kernel: pci 0000:00:18.6: PME# disabled
Jul 20 08:01:44 localhost kernel: pci 0000:00:18.7: PME# supported from D0 D3hot D3cold
Jul 20 08:01:44 localhost kernel: pci 0000:00:18.7: PME# disabled
Jul 20 08:01:44 localhost kernel: pci 0000:00:01.0: PCI bridge to [bus 01-01]
Jul 20 08:01:44 localhost kernel: pci 0000:00:11.0: PCI bridge to [bus 02-02] (subtractive decode)
Jul 20 08:01:44 localhost kernel: pci 0000:00:15.0: PCI bridge to [bus 03-03]
Jul 20 08:01:44 localhost kernel: pci 0000:00:15.1: PCI bridge to [bus 04-04]
Jul 20 08:01:44 localhost kernel: pci 0000:00:15.2: PCI bridge to [bus 05-05]
Jul 20 08:01:44 localhost kernel: pci 0000:00:15.3: PCI bridge to [bus 06-06]
Jul 20 08:01:44 localhost kernel: pci 0000:00:15.4: PCI bridge to [bus 07-07]
Jul 20 08:01:44 localhost kernel: pci 0000:00:15.5: PCI bridge to [bus 08-08]
Jul 20 08:01:44 localhost kernel: pci 0000:00:15.6: PCI bridge to [bus 09-09]
Jul 20 08:01:44 localhost kernel: pci 0000:00:15.7: PCI bridge to [bus 0a-0a]
Jul 20 08:01:44 localhost kernel: pci 0000:00:16.0: PCI bridge to [bus 0b-0b]
Jul 20 08:01:44 localhost kernel: pci 0000:00:16.1: PCI bridge to [bus 0c-0c]
Jul 20 08:01:44 localhost kernel: pci 0000:00:16.2: PCI bridge to [bus 0d-0d]
Jul 20 08:01:44 localhost kernel: pci 0000:00:16.3: PCI bridge to [bus 0e-0e]
Jul 20 08:01:44 localhost kernel: pci 0000:00:16.4: PCI bridge to [bus 0f-0f]
Jul 20 08:01:44 localhost kernel: pci 0000:00:16.5: PCI bridge to [bus 10-10]
Jul 20 08:01:44 localhost kernel: pci 0000:00:16.6: PCI bridge to [bus 11-11]
Jul 20 08:01:44 localhost kernel: pci 0000:00:16.7: PCI bridge to [bus 12-12]
Jul 20 08:01:44 localhost kernel: pci 0000:00:17.0: PCI bridge to [bus 13-13]
Jul 20 08:01:44 localhost kernel: pci 0000:00:17.1: PCI bridge to [bus 14-14]
Jul 20 08:01:44 localhost kernel: pci 0000:00:17.2: PCI bridge to [bus 15-15]
Jul 20 08:01:44 localhost kernel: pci 0000:00:17.3: PCI bridge to [bus 16-16]
Jul 20 08:01:44 localhost kernel: pci 0000:00:17.4: PCI bridge to [bus 17-17]
Jul 20 08:01:44 localhost kernel: pci 0000:00:17.5: PCI bridge to [bus 18-18]
Jul 20 08:01:44 localhost kernel: pci 0000:00:17.6: PCI bridge to [bus 19-19]
Jul 20 08:01:44 localhost kernel: pci 0000:00:17.7: PCI bridge to [bus 1a-1a]
Jul 20 08:01:44 localhost kernel: pci 0000:00:18.0: PCI bridge to [bus 1b-1b]
Jul 20 08:01:44 localhost kernel: pci 0000:00:18.1: PCI bridge to [bus 1c-1c]
Jul 20 08:01:44 localhost kernel: pci 0000:00:18.2: PCI bridge to [bus 1d-1d]
Jul 20 08:01:44 localhost kernel: pci 0000:00:18.3: PCI bridge to [bus 1e-1e]
Jul 20 08:01:44 localhost kernel: pci 0000:00:18.4: PCI bridge to [bus 1f-1f]
Jul 20 08:01:44 localhost kernel: pci 0000:00:18.5: PCI bridge to [bus 20-20]
Jul 20 08:01:44 localhost kernel: pci 0000:00:18.6: PCI bridge to [bus 21-21]
Jul 20 08:01:44 localhost kernel: pci 0000:00:18.7: PCI bridge to [bus 22-22]
Jul 20 08:01:44 localhost kernel: pci0000:00: Requesting ACPI _OSC control (0x1d)
Jul 20 08:01:44 localhost kernel: pci0000:00: ACPI _OSC control (0x15) granted
Jul 20 08:01:44 localhost kernel: ACPI: PCI Interrupt Link [LNKA] (IRQs 3 4 5 6 7 *9 10 11 14 15)
Jul 20 08:01:44 localhost kernel: ACPI: PCI Interrupt Link [LNKB] (IRQs 3 4 5 6 7 9 10 *11 14 15)
Jul 20 08:01:44 localhost kernel: ACPI: PCI Interrupt Link [LNKC] (IRQs 3 4 5 6 7 9 *10 11 14 15)
Jul 20 08:01:44 localhost kernel: ACPI: PCI Interrupt Link [LNKD] (IRQs 3 4 *5 6 7 9 10 11 14 15)
Jul 20 08:01:44 localhost kernel: vgaarb: device added: PCI:0000:00:0f.0,decodes=io+mem,owns=io+mem,locks=none
Jul 20 08:01:44 localhost kernel: vgaarb: loaded
Jul 20 08:01:44 localhost kernel: vgaarb: bridge control possible 0000:00:0f.0
Jul 20 08:01:44 localhost kernel: SCSI subsystem initialized
Jul 20 08:01:44 localhost kernel: usbcore: registered new interface driver usbfs
Jul 20 08:01:44 localhost kernel: usbcore: registered new interface driver hub
Jul 20 08:01:44 localhost kernel: usbcore: registered new device driver usb
Jul 20 08:01:44 localhost kernel: PCI: Using ACPI for IRQ routing
Jul 20 08:01:44 localhost kernel: NetLabel: Initializing
Jul 20 08:01:44 localhost kernel: NetLabel:  domain hash size = 128
Jul 20 08:01:44 localhost kernel: NetLabel:  protocols = UNLABELED CIPSOv4
Jul 20 08:01:44 localhost kernel: NetLabel:  unlabeled traffic allowed by default
Jul 20 08:01:44 localhost kernel: HPET: 16 timers in total, 0 timers will be used for per-cpu timer
Jul 20 08:01:44 localhost kernel: hpet0: at MMIO 0xfed00000, IRQs 2, 8, 0, 0, 0, 0, 0, 0, 0, 0, 0, 0, 0, 0, 0, 0
Jul 20 08:01:44 localhost kernel: hpet0: 16 comparators, 64-bit 14.318180 MHz counter
Jul 20 08:01:44 localhost kernel: Switching to clocksource hpet
Jul 20 08:01:44 localhost kernel: pnp: PnP ACPI init
Jul 20 08:01:44 localhost kernel: ACPI: bus type pnp registered
Jul 20 08:01:44 localhost kernel: pnp: PnP ACPI: found 15 devices
Jul 20 08:01:44 localhost kernel: ACPI: ACPI bus type pnp unregistered
Jul 20 08:01:44 localhost kernel: system 00:01: [io  0x1000-0x103f] has been reserved
Jul 20 08:01:44 localhost kernel: system 00:01: [io  0x1040-0x104f] has been reserved
Jul 20 08:01:44 localhost kernel: system 00:01: [io  0x0cf0-0x0cf1] has been reserved
Jul 20 08:01:44 localhost kernel: system 00:08: [mem 0xfed00000-0xfed003ff] has been reserved
Jul 20 08:01:44 localhost kernel: system 00:0d: [io  0xfce0-0xfcff] has been reserved
Jul 20 08:01:44 localhost kernel: system 00:0d: [mem 0xf0000000-0xf7ffffff] has been reserved
Jul 20 08:01:44 localhost kernel: system 00:0d: [mem 0xfe800000-0xfe9fffff] has been reserved
Jul 20 08:01:44 localhost kernel: pci 0000:00:0f.0: BAR 6: assigned [mem 0xc0000000-0xc0007fff pref]
Jul 20 08:01:44 localhost kernel: pci 0000:00:10.0: BAR 6: assigned [mem 0xc0008000-0xc000bfff pref]
Jul 20 08:01:44 localhost kernel: pci 0000:00:15.3: BAR 13: can't assign io (size 0x1000)
Jul 20 08:01:44 localhost kernel: pci 0000:00:15.4: BAR 13: can't assign io (size 0x1000)
Jul 20 08:01:44 localhost kernel: pci 0000:00:15.5: BAR 13: can't assign io (size 0x1000)
Jul 20 08:01:44 localhost kernel: pci 0000:00:15.6: BAR 13: can't assign io (size 0x1000)
Jul 20 08:01:44 localhost kernel: pci 0000:00:15.7: BAR 13: can't assign io (size 0x1000)
Jul 20 08:01:44 localhost kernel: pci 0000:00:16.3: BAR 13: can't assign io (size 0x1000)
Jul 20 08:01:44 localhost kernel: pci 0000:00:16.4: BAR 13: can't assign io (size 0x1000)
Jul 20 08:01:44 localhost kernel: pci 0000:00:16.5: BAR 13: can't assign io (size 0x1000)
Jul 20 08:01:44 localhost kernel: pci 0000:00:16.6: BAR 13: can't assign io (size 0x1000)
Jul 20 08:01:44 localhost kernel: pci 0000:00:16.7: BAR 13: can't assign io (size 0x1000)
Jul 20 08:01:44 localhost kernel: pci 0000:00:17.3: BAR 13: can't assign io (size 0x1000)
Jul 20 08:01:44 localhost kernel: pci 0000:00:17.4: BAR 13: can't assign io (size 0x1000)
Jul 20 08:01:44 localhost kernel: pci 0000:00:17.5: BAR 13: can't assign io (size 0x1000)
Jul 20 08:01:44 localhost kernel: pci 0000:00:17.6: BAR 13: can't assign io (size 0x1000)
Jul 20 08:01:44 localhost kernel: pci 0000:00:17.7: BAR 13: can't assign io (size 0x1000)
Jul 20 08:01:44 localhost kernel: pci 0000:00:18.2: BAR 13: can't assign io (size 0x1000)
Jul 20 08:01:44 localhost kernel: pci 0000:00:18.3: BAR 13: can't assign io (size 0x1000)
Jul 20 08:01:44 localhost kernel: pci 0000:00:18.4: BAR 13: can't assign io (size 0x1000)
Jul 20 08:01:44 localhost kernel: pci 0000:00:18.5: BAR 13: can't assign io (size 0x1000)
Jul 20 08:01:44 localhost kernel: pci 0000:00:18.6: BAR 13: can't assign io (size 0x1000)
Jul 20 08:01:44 localhost kernel: pci 0000:00:18.7: BAR 13: can't assign io (size 0x1000)
Jul 20 08:01:44 localhost kernel: pci 0000:00:01.0: PCI bridge to [bus 01-01]
Jul 20 08:01:44 localhost kernel: pci 0000:02:00.0: BAR 6: assigned [mem 0xe7b00000-0xe7b0ffff pref]
Jul 20 08:01:44 localhost kernel: pci 0000:02:01.0: BAR 6: assigned [mem 0xe7b10000-0xe7b1ffff pref]
Jul 20 08:01:44 localhost kernel: pci 0000:00:11.0: PCI bridge to [bus 02-02]
Jul 20 08:01:44 localhost kernel: pci 0000:00:11.0:   bridge window [io  0x2000-0x3fff]
Jul 20 08:01:44 localhost kernel: pci 0000:00:11.0:   bridge window [mem 0xfd500000-0xfdffffff]
Jul 20 08:01:44 localhost kernel: pci 0000:00:11.0:   bridge window [mem 0xe7b00000-0xe7ffffff 64bit pref]
Jul 20 08:01:44 localhost kernel: pci 0000:00:15.0: PCI bridge to [bus 03-03]
Jul 20 08:01:44 localhost kernel: pci 0000:00:15.0:   bridge window [io  0x4000-0x4fff]
Jul 20 08:01:44 localhost kernel: pci 0000:00:15.0:   bridge window [mem 0xfd400000-0xfd4fffff]
Jul 20 08:01:44 localhost kernel: pci 0000:00:15.0:   bridge window [mem 0xe7a00000-0xe7afffff 64bit pref]
Jul 20 08:01:44 localhost kernel: pci 0000:00:15.1: PCI bridge to [bus 04-04]
Jul 20 08:01:44 localhost kernel: pci 0000:00:15.1:   bridge window [io  0x8000-0x8fff]
Jul 20 08:01:44 localhost kernel: pci 0000:00:15.1:   bridge window [mem 0xfd000000-0xfd0fffff]
Jul 20 08:01:44 localhost kernel: pci 0000:00:15.1:   bridge window [mem 0xe7600000-0xe76fffff 64bit pref]
Jul 20 08:01:44 localhost kernel: pci 0000:00:15.2: PCI bridge to [bus 05-05]
Jul 20 08:01:44 localhost kernel: pci 0000:00:15.2:   bridge window [io  0xc000-0xcfff]
Jul 20 08:01:44 localhost kernel: pci 0000:00:15.2:   bridge window [mem 0xfcc00000-0xfccfffff]
Jul 20 08:01:44 localhost kernel: pci 0000:00:15.2:   bridge window [mem 0xe7200000-0xe72fffff 64bit pref]
Jul 20 08:01:44 localhost kernel: pci 0000:00:15.3: PCI bridge to [bus 06-06]
Jul 20 08:01:44 localhost kernel: pci 0000:00:15.3:   bridge window [mem 0xfc800000-0xfc8fffff]
Jul 20 08:01:44 localhost kernel: pci 0000:00:15.3:   bridge window [mem 0xe6e00000-0xe6efffff 64bit pref]
Jul 20 08:01:44 localhost kernel: pci 0000:00:15.4: PCI bridge to [bus 07-07]
Jul 20 08:01:44 localhost kernel: pci 0000:00:15.4:   bridge window [mem 0xfc400000-0xfc4fffff]
Jul 20 08:01:44 localhost kernel: pci 0000:00:15.4:   bridge window [mem 0xe6a00000-0xe6afffff 64bit pref]
Jul 20 08:01:44 localhost kernel: pci 0000:00:15.5: PCI bridge to [bus 08-08]
Jul 20 08:01:44 localhost kernel: pci 0000:00:15.5:   bridge window [mem 0xfc000000-0xfc0fffff]
Jul 20 08:01:44 localhost kernel: pci 0000:00:15.5:   bridge window [mem 0xe6600000-0xe66fffff 64bit pref]
Jul 20 08:01:44 localhost kernel: pci 0000:00:15.6: PCI bridge to [bus 09-09]
Jul 20 08:01:44 localhost kernel: pci 0000:00:15.6:   bridge window [mem 0xfbc00000-0xfbcfffff]
Jul 20 08:01:44 localhost kernel: pci 0000:00:15.6:   bridge window [mem 0xe6200000-0xe62fffff 64bit pref]
Jul 20 08:01:44 localhost kernel: pci 0000:00:15.7: PCI bridge to [bus 0a-0a]
Jul 20 08:01:44 localhost kernel: pci 0000:00:15.7:   bridge window [mem 0xfb800000-0xfb8fffff]
Jul 20 08:01:44 localhost kernel: pci 0000:00:15.7:   bridge window [mem 0xe5e00000-0xe5efffff 64bit pref]
Jul 20 08:01:44 localhost kernel: pci 0000:00:16.0: PCI bridge to [bus 0b-0b]
Jul 20 08:01:44 localhost kernel: pci 0000:00:16.0:   bridge window [io  0x5000-0x5fff]
Jul 20 08:01:44 localhost kernel: pci 0000:00:16.0:   bridge window [mem 0xfd300000-0xfd3fffff]
Jul 20 08:01:44 localhost kernel: pci 0000:00:16.0:   bridge window [mem 0xe7900000-0xe79fffff 64bit pref]
Jul 20 08:01:44 localhost kernel: pci 0000:00:16.1: PCI bridge to [bus 0c-0c]
Jul 20 08:01:44 localhost kernel: pci 0000:00:16.1:   bridge window [io  0x9000-0x9fff]
Jul 20 08:01:44 localhost kernel: pci 0000:00:16.1:   bridge window [mem 0xfcf00000-0xfcffffff]
Jul 20 08:01:44 localhost kernel: pci 0000:00:16.1:   bridge window [mem 0xe7500000-0xe75fffff 64bit pref]
Jul 20 08:01:44 localhost kernel: pci 0000:00:16.2: PCI bridge to [bus 0d-0d]
Jul 20 08:01:44 localhost kernel: pci 0000:00:16.2:   bridge window [io  0xd000-0xdfff]
Jul 20 08:01:44 localhost kernel: pci 0000:00:16.2:   bridge window [mem 0xfcb00000-0xfcbfffff]
Jul 20 08:01:44 localhost kernel: pci 0000:00:16.2:   bridge window [mem 0xe7100000-0xe71fffff 64bit pref]
Jul 20 08:01:44 localhost kernel: pci 0000:00:16.3: PCI bridge to [bus 0e-0e]
Jul 20 08:01:44 localhost kernel: pci 0000:00:16.3:   bridge window [mem 0xfc700000-0xfc7fffff]
Jul 20 08:01:44 localhost kernel: pci 0000:00:16.3:   bridge window [mem 0xe6d00000-0xe6dfffff 64bit pref]
Jul 20 08:01:44 localhost kernel: pci 0000:00:16.4: PCI bridge to [bus 0f-0f]
Jul 20 08:01:44 localhost kernel: pci 0000:00:16.4:   bridge window [mem 0xfc300000-0xfc3fffff]
Jul 20 08:01:44 localhost kernel: pci 0000:00:16.4:   bridge window [mem 0xe6900000-0xe69fffff 64bit pref]
Jul 20 08:01:44 localhost kernel: pci 0000:00:16.5: PCI bridge to [bus 10-10]
Jul 20 08:01:44 localhost kernel: pci 0000:00:16.5:   bridge window [mem 0xfbf00000-0xfbffffff]
Jul 20 08:01:44 localhost kernel: pci 0000:00:16.5:   bridge window [mem 0xe6500000-0xe65fffff 64bit pref]
Jul 20 08:01:44 localhost kernel: pci 0000:00:16.6: PCI bridge to [bus 11-11]
Jul 20 08:01:44 localhost kernel: pci 0000:00:16.6:   bridge window [mem 0xfbb00000-0xfbbfffff]
Jul 20 08:01:44 localhost kernel: pci 0000:00:16.6:   bridge window [mem 0xe6100000-0xe61fffff 64bit pref]
Jul 20 08:01:44 localhost kernel: pci 0000:00:16.7: PCI bridge to [bus 12-12]
Jul 20 08:01:44 localhost kernel: pci 0000:00:16.7:   bridge window [mem 0xfb700000-0xfb7fffff]
Jul 20 08:01:44 localhost kernel: pci 0000:00:16.7:   bridge window [mem 0xe5d00000-0xe5dfffff 64bit pref]
Jul 20 08:01:44 localhost kernel: pci 0000:00:17.0: PCI bridge to [bus 13-13]
Jul 20 08:01:44 localhost kernel: pci 0000:00:17.0:   bridge window [io  0x6000-0x6fff]
Jul 20 08:01:44 localhost kernel: pci 0000:00:17.0:   bridge window [mem 0xfd200000-0xfd2fffff]
Jul 20 08:01:44 localhost kernel: pci 0000:00:17.0:   bridge window [mem 0xe7800000-0xe78fffff 64bit pref]
Jul 20 08:01:44 localhost kernel: pci 0000:00:17.1: PCI bridge to [bus 14-14]
Jul 20 08:01:44 localhost kernel: pci 0000:00:17.1:   bridge window [io  0xa000-0xafff]
Jul 20 08:01:44 localhost kernel: pci 0000:00:17.1:   bridge window [mem 0xfce00000-0xfcefffff]
Jul 20 08:01:44 localhost kernel: pci 0000:00:17.1:   bridge window [mem 0xe7400000-0xe74fffff 64bit pref]
Jul 20 08:01:44 localhost kernel: pci 0000:00:17.2: PCI bridge to [bus 15-15]
Jul 20 08:01:44 localhost kernel: pci 0000:00:17.2:   bridge window [io  0xe000-0xefff]
Jul 20 08:01:44 localhost kernel: pci 0000:00:17.2:   bridge window [mem 0xfca00000-0xfcafffff]
Jul 20 08:01:44 localhost kernel: pci 0000:00:17.2:   bridge window [mem 0xe7000000-0xe70fffff 64bit pref]
Jul 20 08:01:44 localhost kernel: pci 0000:00:17.3: PCI bridge to [bus 16-16]
Jul 20 08:01:44 localhost kernel: pci 0000:00:17.3:   bridge window [mem 0xfc600000-0xfc6fffff]
Jul 20 08:01:44 localhost kernel: pci 0000:00:17.3:   bridge window [mem 0xe6c00000-0xe6cfffff 64bit pref]
Jul 20 08:01:44 localhost kernel: pci 0000:00:17.4: PCI bridge to [bus 17-17]
Jul 20 08:01:44 localhost kernel: pci 0000:00:17.4:   bridge window [mem 0xfc200000-0xfc2fffff]
Jul 20 08:01:44 localhost kernel: pci 0000:00:17.4:   bridge window [mem 0xe6800000-0xe68fffff 64bit pref]
Jul 20 08:01:44 localhost kernel: pci 0000:00:17.5: PCI bridge to [bus 18-18]
Jul 20 08:01:44 localhost kernel: pci 0000:00:17.5:   bridge window [mem 0xfbe00000-0xfbefffff]
Jul 20 08:01:44 localhost kernel: pci 0000:00:17.5:   bridge window [mem 0xe6400000-0xe64fffff 64bit pref]
Jul 20 08:01:44 localhost kernel: pci 0000:00:17.6: PCI bridge to [bus 19-19]
Jul 20 08:01:44 localhost kernel: pci 0000:00:17.6:   bridge window [mem 0xfba00000-0xfbafffff]
Jul 20 08:01:44 localhost kernel: pci 0000:00:17.6:   bridge window [mem 0xe6000000-0xe60fffff 64bit pref]
Jul 20 08:01:44 localhost kernel: pci 0000:00:17.7: PCI bridge to [bus 1a-1a]
Jul 20 08:01:44 localhost kernel: pci 0000:00:17.7:   bridge window [mem 0xfb600000-0xfb6fffff]
Jul 20 08:01:44 localhost kernel: pci 0000:00:17.7:   bridge window [mem 0xe5c00000-0xe5cfffff 64bit pref]
Jul 20 08:01:44 localhost kernel: pci 0000:00:18.0: PCI bridge to [bus 1b-1b]
Jul 20 08:01:44 localhost kernel: pci 0000:00:18.0:   bridge window [io  0x7000-0x7fff]
Jul 20 08:01:44 localhost kernel: pci 0000:00:18.0:   bridge window [mem 0xfd100000-0xfd1fffff]
Jul 20 08:01:44 localhost kernel: pci 0000:00:18.0:   bridge window [mem 0xe7700000-0xe77fffff 64bit pref]
Jul 20 08:01:44 localhost kernel: pci 0000:00:18.1: PCI bridge to [bus 1c-1c]
Jul 20 08:01:44 localhost kernel: pci 0000:00:18.1:   bridge window [io  0xb000-0xbfff]
Jul 20 08:01:44 localhost kernel: pci 0000:00:18.1:   bridge window [mem 0xfcd00000-0xfcdfffff]
Jul 20 08:01:44 localhost kernel: pci 0000:00:18.1:   bridge window [mem 0xe7300000-0xe73fffff 64bit pref]
Jul 20 08:01:44 localhost kernel: pci 0000:00:18.2: PCI bridge to [bus 1d-1d]
Jul 20 08:01:44 localhost kernel: pci 0000:00:18.2:   bridge window [mem 0xfc900000-0xfc9fffff]
Jul 20 08:01:44 localhost kernel: pci 0000:00:18.2:   bridge window [mem 0xe6f00000-0xe6ffffff 64bit pref]
Jul 20 08:01:44 localhost kernel: pci 0000:00:18.3: PCI bridge to [bus 1e-1e]
Jul 20 08:01:44 localhost kernel: pci 0000:00:18.3:   bridge window [mem 0xfc500000-0xfc5fffff]
Jul 20 08:01:44 localhost kernel: pci 0000:00:18.3:   bridge window [mem 0xe6b00000-0xe6bfffff 64bit pref]
Jul 20 08:01:44 localhost kernel: pci 0000:00:18.4: PCI bridge to [bus 1f-1f]
Jul 20 08:01:44 localhost kernel: pci 0000:00:18.4:   bridge window [mem 0xfc100000-0xfc1fffff]
Jul 20 08:01:44 localhost kernel: pci 0000:00:18.4:   bridge window [mem 0xe6700000-0xe67fffff 64bit pref]
Jul 20 08:01:44 localhost kernel: pci 0000:00:18.5: PCI bridge to [bus 20-20]
Jul 20 08:01:44 localhost kernel: pci 0000:00:18.5:   bridge window [mem 0xfbd00000-0xfbdfffff]
Jul 20 08:01:44 localhost kernel: pci 0000:00:18.5:   bridge window [mem 0xe6300000-0xe63fffff 64bit pref]
Jul 20 08:01:44 localhost kernel: pci 0000:00:18.6: PCI bridge to [bus 21-21]
Jul 20 08:01:44 localhost kernel: pci 0000:00:18.6:   bridge window [mem 0xfb900000-0xfb9fffff]
Jul 20 08:01:44 localhost kernel: pci 0000:00:18.6:   bridge window [mem 0xe5f00000-0xe5ffffff 64bit pref]
Jul 20 08:01:44 localhost kernel: pci 0000:00:18.7: PCI bridge to [bus 22-22]
Jul 20 08:01:44 localhost kernel: pci 0000:00:18.7:   bridge window [mem 0xfb500000-0xfb5fffff]
Jul 20 08:01:44 localhost kernel: pci 0000:00:18.7:   bridge window [mem 0xe5b00000-0xe5bfffff 64bit pref]
Jul 20 08:01:44 localhost kernel: NET: Registered protocol family 2
Jul 20 08:01:44 localhost kernel: IP route cache hash table entries: 32768 (order: 6, 262144 bytes)
Jul 20 08:01:44 localhost kernel: TCP established hash table entries: 131072 (order: 9, 2097152 bytes)
Jul 20 08:01:44 localhost kernel: TCP bind hash table entries: 65536 (order: 8, 1048576 bytes)
Jul 20 08:01:44 localhost kernel: TCP: Hash tables configured (established 131072 bind 65536)
Jul 20 08:01:44 localhost kernel: TCP reno registered
Jul 20 08:01:44 localhost kernel: NET: Registered protocol family 1
Jul 20 08:01:44 localhost kernel: pci 0000:00:00.0: Limiting direct PCI/PCI transfers
Jul 20 08:01:44 localhost kernel: Trying to unpack rootfs image as initramfs...
Jul 20 08:01:44 localhost kernel: Freeing initrd memory: 18004k freed
Jul 20 08:01:44 localhost kernel: Simple Boot Flag at 0x36 set to 0x80
Jul 20 08:01:44 localhost kernel: futex hash table entries: 16384 (order: 8, 1048576 bytes)
Jul 20 08:01:44 localhost kernel: audit: initializing netlink socket (disabled)
Jul 20 08:01:44 localhost kernel: type=2000 audit(1437350470.663:1): initialized
Jul 20 08:01:44 localhost kernel: HugeTLB registered 2 MB page size, pre-allocated 0 pages
Jul 20 08:01:44 localhost kernel: VFS: Disk quotas dquot_6.5.2
Jul 20 08:01:44 localhost kernel: Dquot-cache hash table entries: 512 (order 0, 4096 bytes)
Jul 20 08:01:44 localhost kernel: msgmni has been set to 1970
Jul 20 08:01:44 localhost kernel: alg: No test for stdrng (krng)
Jul 20 08:01:44 localhost kernel: ksign: Installing public key data
Jul 20 08:01:44 localhost kernel: Loading keyring
Jul 20 08:01:44 localhost kernel: - Added public key FEBCF26ABFDA92DD
Jul 20 08:01:44 localhost kernel: - User ID: CentOS (Kernel Module GPG key)
Jul 20 08:01:44 localhost kernel: Block layer SCSI generic (bsg) driver version 0.4 loaded (major 251)
Jul 20 08:01:44 localhost kernel: io scheduler noop registered
Jul 20 08:01:44 localhost kernel: io scheduler anticipatory registered
Jul 20 08:01:44 localhost kernel: io scheduler deadline registered
Jul 20 08:01:44 localhost kernel: io scheduler cfq registered (default)
Jul 20 08:01:44 localhost kernel: pci_hotplug: PCI Hot Plug PCI Core version: 0.5
Jul 20 08:01:44 localhost kernel: pciehp 0000:00:15.0:pcie04: HPC vendor_id 15ad device_id 7a0 ss_vid 0 ss_did 0
Jul 20 08:01:44 localhost kernel: pciehp 0000:00:15.1:pcie04: HPC vendor_id 15ad device_id 7a0 ss_vid 0 ss_did 0
Jul 20 08:01:44 localhost kernel: pciehp 0000:00:15.2:pcie04: HPC vendor_id 15ad device_id 7a0 ss_vid 0 ss_did 0
Jul 20 08:01:44 localhost kernel: pciehp 0000:00:15.3:pcie04: HPC vendor_id 15ad device_id 7a0 ss_vid 0 ss_did 0
Jul 20 08:01:44 localhost kernel: pciehp 0000:00:15.4:pcie04: HPC vendor_id 15ad device_id 7a0 ss_vid 0 ss_did 0
Jul 20 08:01:44 localhost kernel: pciehp 0000:00:15.5:pcie04: HPC vendor_id 15ad device_id 7a0 ss_vid 0 ss_did 0
Jul 20 08:01:44 localhost kernel: pciehp 0000:00:15.6:pcie04: HPC vendor_id 15ad device_id 7a0 ss_vid 0 ss_did 0
Jul 20 08:01:44 localhost kernel: pciehp 0000:00:15.7:pcie04: HPC vendor_id 15ad device_id 7a0 ss_vid 0 ss_did 0
Jul 20 08:01:44 localhost kernel: pciehp 0000:00:16.0:pcie04: HPC vendor_id 15ad device_id 7a0 ss_vid 0 ss_did 0
Jul 20 08:01:44 localhost kernel: pciehp 0000:00:16.1:pcie04: HPC vendor_id 15ad device_id 7a0 ss_vid 0 ss_did 0
Jul 20 08:01:44 localhost kernel: pciehp 0000:00:16.2:pcie04: HPC vendor_id 15ad device_id 7a0 ss_vid 0 ss_did 0
Jul 20 08:01:44 localhost kernel: pciehp 0000:00:16.3:pcie04: HPC vendor_id 15ad device_id 7a0 ss_vid 0 ss_did 0
Jul 20 08:01:44 localhost kernel: pciehp 0000:00:16.4:pcie04: HPC vendor_id 15ad device_id 7a0 ss_vid 0 ss_did 0
Jul 20 08:01:44 localhost kernel: pciehp 0000:00:16.5:pcie04: HPC vendor_id 15ad device_id 7a0 ss_vid 0 ss_did 0
Jul 20 08:01:44 localhost kernel: pciehp 0000:00:16.6:pcie04: HPC vendor_id 15ad device_id 7a0 ss_vid 0 ss_did 0
Jul 20 08:01:44 localhost kernel: pciehp 0000:00:16.7:pcie04: HPC vendor_id 15ad device_id 7a0 ss_vid 0 ss_did 0
Jul 20 08:01:44 localhost kernel: pciehp 0000:00:17.0:pcie04: HPC vendor_id 15ad device_id 7a0 ss_vid 0 ss_did 0
Jul 20 08:01:44 localhost kernel: pciehp 0000:00:17.1:pcie04: HPC vendor_id 15ad device_id 7a0 ss_vid 0 ss_did 0
Jul 20 08:01:44 localhost kernel: pciehp 0000:00:17.2:pcie04: HPC vendor_id 15ad device_id 7a0 ss_vid 0 ss_did 0
Jul 20 08:01:44 localhost kernel: pciehp 0000:00:17.3:pcie04: HPC vendor_id 15ad device_id 7a0 ss_vid 0 ss_did 0
Jul 20 08:01:44 localhost kernel: pciehp 0000:00:17.4:pcie04: HPC vendor_id 15ad device_id 7a0 ss_vid 0 ss_did 0
Jul 20 08:01:44 localhost kernel: pciehp 0000:00:17.5:pcie04: HPC vendor_id 15ad device_id 7a0 ss_vid 0 ss_did 0
Jul 20 08:01:44 localhost kernel: pciehp 0000:00:17.6:pcie04: HPC vendor_id 15ad device_id 7a0 ss_vid 0 ss_did 0
Jul 20 08:01:44 localhost kernel: pciehp 0000:00:17.7:pcie04: HPC vendor_id 15ad device_id 7a0 ss_vid 0 ss_did 0
Jul 20 08:01:44 localhost kernel: pciehp 0000:00:18.0:pcie04: HPC vendor_id 15ad device_id 7a0 ss_vid 0 ss_did 0
Jul 20 08:01:44 localhost kernel: pciehp 0000:00:18.1:pcie04: HPC vendor_id 15ad device_id 7a0 ss_vid 0 ss_did 0
Jul 20 08:01:44 localhost kernel: pciehp 0000:00:18.2:pcie04: HPC vendor_id 15ad device_id 7a0 ss_vid 0 ss_did 0
Jul 20 08:01:44 localhost kernel: pciehp 0000:00:18.3:pcie04: HPC vendor_id 15ad device_id 7a0 ss_vid 0 ss_did 0
Jul 20 08:01:44 localhost kernel: pciehp 0000:00:18.4:pcie04: HPC vendor_id 15ad device_id 7a0 ss_vid 0 ss_did 0
Jul 20 08:01:44 localhost kernel: pciehp 0000:00:18.5:pcie04: HPC vendor_id 15ad device_id 7a0 ss_vid 0 ss_did 0
Jul 20 08:01:44 localhost kernel: pciehp 0000:00:18.6:pcie04: HPC vendor_id 15ad device_id 7a0 ss_vid 0 ss_did 0
Jul 20 08:01:44 localhost kernel: pciehp 0000:00:18.7:pcie04: HPC vendor_id 15ad device_id 7a0 ss_vid 0 ss_did 0
Jul 20 08:01:44 localhost kernel: pciehp: PCI Express Hot Plug Controller Driver version: 0.4
Jul 20 08:01:44 localhost kernel: acpiphp: ACPI Hot Plug PCI Controller Driver version: 0.5
Jul 20 08:01:44 localhost kernel: acpiphp: Slot [32] registered
Jul 20 08:01:44 localhost kernel: acpiphp: Slot [33] registered
Jul 20 08:01:44 localhost kernel: acpiphp: Slot [34] registered
Jul 20 08:01:44 localhost kernel: acpiphp: Slot [35] registered
Jul 20 08:01:44 localhost kernel: acpiphp: Slot [36] registered
Jul 20 08:01:44 localhost kernel: acpiphp: Slot [37] registered
Jul 20 08:01:44 localhost kernel: acpiphp: Slot [38] registered
Jul 20 08:01:44 localhost kernel: acpiphp: Slot [39] registered
Jul 20 08:01:44 localhost kernel: acpiphp: Slot [40] registered
Jul 20 08:01:44 localhost kernel: acpiphp: Slot [41] registered
Jul 20 08:01:44 localhost kernel: acpiphp: Slot [42] registered
Jul 20 08:01:44 localhost kernel: acpiphp: Slot [43] registered
Jul 20 08:01:44 localhost kernel: acpiphp: Slot [44] registered
Jul 20 08:01:44 localhost kernel: acpiphp: Slot [45] registered
Jul 20 08:01:44 localhost kernel: acpiphp: Slot [46] registered
Jul 20 08:01:44 localhost kernel: acpiphp: Slot [47] registered
Jul 20 08:01:44 localhost kernel: acpiphp: Slot [48] registered
Jul 20 08:01:44 localhost kernel: acpiphp: Slot [49] registered
Jul 20 08:01:44 localhost kernel: acpiphp: Slot [50] registered
Jul 20 08:01:44 localhost kernel: acpiphp: Slot [51] registered
Jul 20 08:01:44 localhost kernel: acpiphp: Slot [52] registered
Jul 20 08:01:44 localhost kernel: acpiphp: Slot [53] registered
Jul 20 08:01:44 localhost kernel: acpiphp: Slot [54] registered
Jul 20 08:01:44 localhost kernel: acpiphp: Slot [55] registered
Jul 20 08:01:44 localhost kernel: acpiphp: Slot [56] registered
Jul 20 08:01:44 localhost kernel: acpiphp: Slot [57] registered
Jul 20 08:01:44 localhost kernel: acpiphp: Slot [58] registered
Jul 20 08:01:44 localhost kernel: acpiphp: Slot [59] registered
Jul 20 08:01:44 localhost kernel: acpiphp: Slot [60] registered
Jul 20 08:01:44 localhost kernel: acpiphp: Slot [61] registered
Jul 20 08:01:44 localhost kernel: acpiphp: Slot [62] registered
Jul 20 08:01:44 localhost kernel: acpiphp: Slot [63] registered
Jul 20 08:01:44 localhost kernel: acpiphp_glue: Slot 160 already registered by another hotplug driver
Jul 20 08:01:44 localhost kernel: acpiphp_glue: Slot 192 already registered by another hotplug driver
Jul 20 08:01:44 localhost kernel: acpiphp_glue: Slot 224 already registered by another hotplug driver
Jul 20 08:01:44 localhost kernel: acpiphp_glue: Slot 256 already registered by another hotplug driver
Jul 20 08:01:44 localhost kernel: acpiphp_glue: Slot 161 already registered by another hotplug driver
Jul 20 08:01:44 localhost kernel: acpiphp_glue: Slot 162 already registered by another hotplug driver
Jul 20 08:01:44 localhost kernel: acpiphp_glue: Slot 163 already registered by another hotplug driver
Jul 20 08:01:44 localhost kernel: acpiphp_glue: Slot 164 already registered by another hotplug driver
Jul 20 08:01:44 localhost kernel: acpiphp_glue: Slot 165 already registered by another hotplug driver
Jul 20 08:01:44 localhost kernel: acpiphp_glue: Slot 166 already registered by another hotplug driver
Jul 20 08:01:44 localhost kernel: acpiphp_glue: Slot 167 already registered by another hotplug driver
Jul 20 08:01:44 localhost kernel: acpiphp_glue: Slot 193 already registered by another hotplug driver
Jul 20 08:01:44 localhost kernel: acpiphp_glue: Slot 194 already registered by another hotplug driver
Jul 20 08:01:44 localhost kernel: acpiphp_glue: Slot 195 already registered by another hotplug driver
Jul 20 08:01:44 localhost kernel: acpiphp_glue: Slot 196 already registered by another hotplug driver
Jul 20 08:01:44 localhost kernel: acpiphp_glue: Slot 197 already registered by another hotplug driver
Jul 20 08:01:44 localhost kernel: acpiphp_glue: Slot 198 already registered by another hotplug driver
Jul 20 08:01:44 localhost kernel: acpiphp_glue: Slot 199 already registered by another hotplug driver
Jul 20 08:01:44 localhost kernel: acpiphp_glue: Slot 225 already registered by another hotplug driver
Jul 20 08:01:44 localhost kernel: acpiphp_glue: Slot 226 already registered by another hotplug driver
Jul 20 08:01:44 localhost kernel: acpiphp_glue: Slot 227 already registered by another hotplug driver
Jul 20 08:01:44 localhost kernel: acpiphp_glue: Slot 228 already registered by another hotplug driver
Jul 20 08:01:44 localhost kernel: acpiphp_glue: Slot 229 already registered by another hotplug driver
Jul 20 08:01:44 localhost kernel: acpiphp_glue: Slot 230 already registered by another hotplug driver
Jul 20 08:01:44 localhost kernel: acpiphp_glue: Slot 231 already registered by another hotplug driver
Jul 20 08:01:44 localhost kernel: acpiphp_glue: Slot 257 already registered by another hotplug driver
Jul 20 08:01:44 localhost kernel: acpiphp_glue: Slot 258 already registered by another hotplug driver
Jul 20 08:01:44 localhost kernel: acpiphp_glue: Slot 259 already registered by another hotplug driver
Jul 20 08:01:44 localhost kernel: acpiphp_glue: Slot 260 already registered by another hotplug driver
Jul 20 08:01:44 localhost kernel: acpiphp_glue: Slot 261 already registered by another hotplug driver
Jul 20 08:01:44 localhost kernel: acpiphp_glue: Slot 262 already registered by another hotplug driver
Jul 20 08:01:44 localhost kernel: acpiphp_glue: Slot 263 already registered by another hotplug driver
Jul 20 08:01:44 localhost kernel: ACPI: AC Adapter [ACAD] (on-line)
Jul 20 08:01:44 localhost kernel: input: Power Button as /devices/LNXSYSTM:00/LNXPWRBN:00/input/input0
Jul 20 08:01:44 localhost kernel: ACPI: Power Button [PWRF]
Jul 20 08:01:44 localhost kernel: Refined TSC clocksource calibration: 2394.530 MHz.
Jul 20 08:01:44 localhost kernel: Switching to clocksource tsc
Jul 20 08:01:44 localhost kernel: [Firmware Bug]: No valid trip found
Jul 20 08:01:44 localhost kernel: GHES: HEST is not enabled!
Jul 20 08:01:44 localhost kernel: Non-volatile memory driver v1.3
Jul 20 08:01:44 localhost kernel: Linux agpgart interface v0.103
Jul 20 08:01:44 localhost kernel: agpgart-intel 0000:00:00.0: Intel 440BX Chipset
Jul 20 08:01:44 localhost kernel: agpgart-intel 0000:00:00.0: AGP aperture is 256M @ 0x0
Jul 20 08:01:44 localhost kernel: crash memory driver: version 1.1
Jul 20 08:01:44 localhost kernel: Serial: 8250/16550 driver, 4 ports, IRQ sharing enabled
Jul 20 08:01:44 localhost kernel: serial8250: ttyS0 at I/O 0x3f8 (irq = 4) is a 16550A
Jul 20 08:01:44 localhost kernel: serial8250: ttyS1 at I/O 0x2f8 (irq = 3) is a 16550A
Jul 20 08:01:44 localhost kernel: 00:0a: ttyS0 at I/O 0x3f8 (irq = 4) is a 16550A
Jul 20 08:01:44 localhost kernel: 00:0b: ttyS1 at I/O 0x2f8 (irq = 3) is a 16550A
Jul 20 08:01:44 localhost kernel: brd: module loaded
Jul 20 08:01:44 localhost kernel: loop: module loaded
Jul 20 08:01:44 localhost kernel: input: Macintosh mouse button emulation as /devices/virtual/input/input1
Jul 20 08:01:44 localhost kernel: Fixed MDIO Bus: probed
Jul 20 08:01:44 localhost kernel: ehci_hcd: USB 2.0 'Enhanced' Host Controller (EHCI) Driver
Jul 20 08:01:44 localhost kernel: ohci_hcd: USB 1.1 'Open' Host Controller (OHCI) Driver
Jul 20 08:01:44 localhost kernel: uhci_hcd: USB Universal Host Controller Interface driver
Jul 20 08:01:44 localhost kernel: PNP: PS/2 Controller [PNP0303:KBC,PNP0f13:MOUS] at 0x60,0x64 irq 1,12
Jul 20 08:01:44 localhost kernel: serio: i8042 KBD port at 0x60,0x64 irq 1
Jul 20 08:01:44 localhost kernel: serio: i8042 AUX port at 0x60,0x64 irq 12
Jul 20 08:01:44 localhost kernel: mice: PS/2 mouse device common for all mice
Jul 20 08:01:44 localhost kernel: rtc_cmos 00:04: rtc core: registered rtc_cmos as rtc0
Jul 20 08:01:44 localhost kernel: rtc0: alarms up to one month, y3k, 114 bytes nvram, hpet irqs
Jul 20 08:01:44 localhost kernel: cpuidle: using governor ladder
Jul 20 08:01:44 localhost kernel: cpuidle: using governor menu
Jul 20 08:01:44 localhost kernel: EFI Variables Facility v0.08 2004-May-17
Jul 20 08:01:44 localhost kernel: usbcore: registered new interface driver hiddev
Jul 20 08:01:44 localhost kernel: usbcore: registered new interface driver usbhid
Jul 20 08:01:44 localhost kernel: usbhid: v2.6:USB HID core driver
Jul 20 08:01:44 localhost kernel: input: AT Translated Set 2 keyboard as /devices/platform/i8042/serio0/input/input2
Jul 20 08:01:44 localhost kernel: GRE over IPv4 demultiplexor driver
Jul 20 08:01:44 localhost kernel: TCP cubic registered
Jul 20 08:01:44 localhost kernel: Initializing XFRM netlink socket
Jul 20 08:01:44 localhost kernel: NET: Registered protocol family 17
Jul 20 08:01:44 localhost kernel: registered taskstats version 1
Jul 20 08:01:44 localhost kernel: input: ImPS/2 Generic Wheel Mouse as /devices/platform/i8042/serio1/input/input3
Jul 20 08:01:44 localhost kernel: rtc_cmos 00:04: setting system clock to 2015-07-20 00:01:13 UTC (1437350473)
Jul 20 08:01:44 localhost kernel: Initalizing network drop monitor service
Jul 20 08:01:44 localhost kernel: Freeing unused kernel memory: 1292k freed
Jul 20 08:01:44 localhost kernel: Write protecting the kernel read-only data: 10240k
Jul 20 08:01:44 localhost kernel: Freeing unused kernel memory: 788k freed
Jul 20 08:01:44 localhost kernel: Freeing unused kernel memory: 1568k freed
Jul 20 08:01:44 localhost kernel: dracut: dracut-004-356.el6
Jul 20 08:01:44 localhost kernel: device-mapper: uevent: version 1.0.3
Jul 20 08:01:44 localhost kernel: device-mapper: ioctl: 4.27.0-ioctl (2013-10-30) initialised: dm-devel@redhat.com
Jul 20 08:01:44 localhost kernel: udev: starting version 147
Jul 20 08:01:44 localhost kernel: dracut: Starting plymouth daemon
Jul 20 08:01:44 localhost kernel: dracut: rd_NO_MD: removing MD RAID activation
Jul 20 08:01:44 localhost kernel: Fusion MPT base driver 3.04.20
Jul 20 08:01:44 localhost kernel: Copyright (c) 1999-2008 LSI Corporation
Jul 20 08:01:44 localhost kernel: Fusion MPT SPI Host driver 3.04.20
Jul 20 08:01:44 localhost kernel: mptspi 0000:00:10.0: PCI INT A -> GSI 17 (level, low) -> IRQ 17
Jul 20 08:01:44 localhost kernel: mptbase: ioc0: Initiating bringup
Jul 20 08:01:44 localhost kernel: ioc0: LSI53C1030 B0: Capabilities={Initiator}
Jul 20 08:01:44 localhost kernel: scsi0 : ioc0: LSI53C1030 B0, FwRev=01032920h, Ports=1, MaxQ=128, IRQ=17
Jul 20 08:01:44 localhost kernel: scsi 0:0:0:0: Direct-Access     VMware,  VMware Virtual S 1.0  PQ: 0 ANSI: 2
Jul 20 08:01:44 localhost kernel: scsi target0:0:0: Beginning Domain Validation
Jul 20 08:01:44 localhost kernel: scsi target0:0:0: Domain Validation skipping write tests
Jul 20 08:01:44 localhost kernel: scsi target0:0:0: Ending Domain Validation
Jul 20 08:01:44 localhost kernel: scsi target0:0:0: FAST-40 WIDE SCSI 80.0 MB/s ST (25 ns, offset 127)
Jul 20 08:01:44 localhost kernel: scsi1 : ata_piix
Jul 20 08:01:44 localhost kernel: scsi2 : ata_piix
Jul 20 08:01:44 localhost kernel: ata1: PATA max UDMA/33 cmd 0x1f0 ctl 0x3f6 bmdma 0x1060 irq 14
Jul 20 08:01:44 localhost kernel: ata2: PATA max UDMA/33 cmd 0x170 ctl 0x376 bmdma 0x1068 irq 15
Jul 20 08:01:44 localhost kernel: ata2.00: ATAPI: VMware Virtual IDE CDROM Drive, 00000001, max UDMA/33
Jul 20 08:01:44 localhost kernel: ata2.00: configured for UDMA/33
Jul 20 08:01:44 localhost kernel: scsi 2:0:0:0: CD-ROM            NECVMWar VMware IDE CDR10 1.00 PQ: 0 ANSI: 5
Jul 20 08:01:44 localhost kernel: STARTING CRC_T10DIF
Jul 20 08:01:44 localhost kernel: sd 0:0:0:0: [sda] 62914560 512-byte logical blocks: (32.2 GB/30.0 GiB)
Jul 20 08:01:44 localhost kernel: sd 0:0:0:0: [sda] Write Protect is off
Jul 20 08:01:44 localhost kernel: sd 0:0:0:0: [sda] Cache data unavailable
Jul 20 08:01:44 localhost kernel: sd 0:0:0:0: [sda] Assuming drive cache: write through
Jul 20 08:01:44 localhost kernel: sd 0:0:0:0: [sda] Cache data unavailable
Jul 20 08:01:44 localhost kernel: sd 0:0:0:0: [sda] Assuming drive cache: write through
Jul 20 08:01:44 localhost kernel: sda: sda1 sda2
Jul 20 08:01:44 localhost kernel: sd 0:0:0:0: [sda] Cache data unavailable
Jul 20 08:01:44 localhost kernel: sd 0:0:0:0: [sda] Assuming drive cache: write through
Jul 20 08:01:44 localhost kernel: sd 0:0:0:0: [sda] Attached SCSI disk
Jul 20 08:01:44 localhost kernel: sr0: scsi3-mmc drive: 1x/1x writer dvd-ram cd/rw xa/form2 cdda tray
Jul 20 08:01:44 localhost kernel: Uniform CD-ROM driver Revision: 3.20
Jul 20 08:01:44 localhost kernel: dracut: Scanning devices sda2  for LVM logical volumes VolGroup/lv_swap VolGroup/lv_root 
Jul 20 08:01:44 localhost kernel: dracut: inactive '/dev/VolGroup/lv_root' [27.57 GiB] inherit
Jul 20 08:01:44 localhost kernel: dracut: inactive '/dev/VolGroup/lv_swap' [1.94 GiB] inherit
Jul 20 08:01:44 localhost kernel: EXT4-fs (dm-0): mounted filesystem with ordered data mode. Opts: 
Jul 20 08:01:44 localhost kernel: dracut: Mounted root filesystem /dev/mapper/VolGroup-lv_root
Jul 20 08:01:44 localhost kernel: dracut: Loading SELinux policy
Jul 20 08:01:44 localhost kernel: type=1404 audit(1437350477.323:2): enforcing=1 old_enforcing=0 auid=4294967295 ses=4294967295
Jul 20 08:01:44 localhost kernel: type=1403 audit(1437350480.781:3): policy loaded auid=4294967295 ses=4294967295
Jul 20 08:01:44 localhost kernel: dracut: 
Jul 20 08:01:44 localhost kernel: dracut: Switching root
Jul 20 08:01:44 localhost kernel: udev: starting version 147
Jul 20 08:01:44 localhost kernel: shpchp: Standard Hot Plug PCI Controller Driver version: 0.4
Jul 20 08:01:44 localhost kernel: sd 0:0:0:0: Attached scsi generic sg0 type 0
Jul 20 08:01:44 localhost kernel: sr 2:0:0:0: Attached scsi generic sg1 type 5
Jul 20 08:01:44 localhost kernel: piix4_smbus 0000:00:07.3: Host SMBus controller not enabled!
Jul 20 08:01:44 localhost kernel: e1000: Intel(R) PRO/1000 Network Driver - version 7.3.21-k8-NAPI
Jul 20 08:01:44 localhost kernel: e1000: Copyright (c) 1999-2006 Intel Corporation.
Jul 20 08:01:44 localhost kernel: e1000 0000:02:00.0: PCI INT A -> GSI 18 (level, low) -> IRQ 18
Jul 20 08:01:44 localhost kernel: e1000 0000:02:00.0: eth0: (PCI:66MHz:32-bit) 00:0c:29:d1:07:f9
Jul 20 08:01:44 localhost kernel: e1000 0000:02:00.0: eth0: Intel(R) PRO/1000 Network Connection
Jul 20 08:01:44 localhost kernel: pcnet32.c:v1.35 21.Apr.2008 tsbogend@alpha.franken.de
Jul 20 08:01:44 localhost kernel: pcnet32 0000:02:01.0: PCI INT A -> GSI 19 (level, low) -> IRQ 19
Jul 20 08:01:44 localhost kernel: pcnet32: PCnet/PCI II 79C970A at 0x2000, 00:0c:29:d1:07:03 assigned IRQ 19.
Jul 20 08:01:44 localhost kernel: eth1: registered as PCnet/PCI II 79C970A
Jul 20 08:01:44 localhost kernel: pcnet32: 1 cards_found.
Jul 20 08:01:44 localhost kernel: parport_pc 00:09: reported by Plug and Play ACPI
Jul 20 08:01:44 localhost kernel: parport0: PC-style at 0x378, irq 7 [PCSPP,TRISTATE]
Jul 20 08:01:44 localhost kernel: ppdev: user-space parallel port driver
Jul 20 08:01:44 localhost kernel: EXT4-fs (sda1): mounted filesystem with ordered data mode. Opts: 
Jul 20 08:01:44 localhost kernel: Adding 2031612k swap on /dev/mapper/VolGroup-lv_swap.  Priority:-1 extents:1 across:2031612k 
Jul 20 08:01:44 localhost kernel: NET: Registered protocol family 10
Jul 20 08:01:44 localhost kernel: lo: Disabled Privacy Extensions
Jul 20 08:01:44 localhost kernel: type=1305 audit(1437350503.568:4): audit_pid=878 old=0 auid=4294967295 ses=4294967295 subj=system_u:system_r:auditd_t:s0 res=1
Jul 20 08:01:44 localhost kdump: No crashkernel parameter specified for running kernel
Jul 20 08:09:51 localhost init: tty (/dev/tty2) main process (1100) killed by TERM signal
Jul 20 08:09:51 localhost init: tty (/dev/tty3) main process (1102) killed by TERM signal
Jul 20 08:09:51 localhost init: tty (/dev/tty4) main process (1108) killed by TERM signal
Jul 20 08:09:51 localhost init: tty (/dev/tty5) main process (1112) killed by TERM signal
Jul 20 08:09:51 localhost init: tty (/dev/tty6) main process (1114) killed by TERM signal
Jul 20 08:09:56 localhost auditd[878]: The audit daemon is exiting.
Jul 20 08:09:56 localhost kernel: type=1305 audit(1437350996.485:19): audit_pid=0 old=878 auid=4294967295 ses=4294967295 subj=system_u:system_r:auditd_t:s0 res=1
Jul 20 08:09:56 localhost kernel: type=1305 audit(1437350996.639:20): audit_enabled=0 old=1 auid=4294967295 ses=4294967295 subj=system_u:system_r:auditctl_t:s0 res=1
Jul 20 08:09:56 localhost kernel: Kernel logging (proc) stopped.
Jul 20 08:09:56 localhost rsyslogd: [origin software="rsyslogd" swVersion="5.8.10" x-pid="898" x-info="http://www.rsyslog.com"] exiting on signal 15.
Jul 20 08:24:24 localhost kernel: imklog 5.8.10, log source = /proc/kmsg started.
Jul 20 08:24:24 localhost rsyslogd: [origin software="rsyslogd" swVersion="5.8.10" x-pid="950" x-info="http://www.rsyslog.com"] start
Jul 20 08:24:24 localhost kernel: Initializing cgroup subsys cpuset
Jul 20 08:24:24 localhost kernel: Initializing cgroup subsys cpu
Jul 20 08:24:24 localhost kernel: Linux version 2.6.32-504.el6.x86_64 (mockbuild@c6b9.bsys.dev.centos.org) (gcc version 4.4.7 20120313 (Red Hat 4.4.7-11) (GCC) ) #1 SMP Wed Oct 15 04:27:16 UTC 2014
Jul 20 08:24:24 localhost kernel: Command line: ro root=/dev/mapper/VolGroup-lv_root rd_NO_LUKS LANG=en_US.UTF-8 rd_NO_MD rd_LVM_LV=VolGroup/lv_swap SYSFONT=latarcyrheb-sun16 crashkernel=auto rd_LVM_LV=VolGroup/lv_root  KEYBOARDTYPE=pc KEYTABLE=us rd_NO_DM rhgb quiet
Jul 20 08:24:24 localhost kernel: KERNEL supported cpus:
Jul 20 08:24:24 localhost kernel:  Intel GenuineIntel
Jul 20 08:24:24 localhost kernel:  AMD AuthenticAMD
Jul 20 08:24:24 localhost kernel:  Centaur CentaurHauls
Jul 20 08:24:24 localhost kernel: Disabled fast string operations
Jul 20 08:24:24 localhost kernel: BIOS-provided physical RAM map:
Jul 20 08:24:24 localhost kernel: BIOS-e820: 0000000000000000 - 000000000009f000 (usable)
Jul 20 08:24:24 localhost kernel: BIOS-e820: 000000000009f000 - 00000000000a0000 (reserved)
Jul 20 08:24:24 localhost kernel: BIOS-e820: 00000000000dc000 - 0000000000100000 (reserved)
Jul 20 08:24:24 localhost kernel: BIOS-e820: 0000000000100000 - 000000003fee0000 (usable)
Jul 20 08:24:24 localhost kernel: BIOS-e820: 000000003fee0000 - 000000003feff000 (ACPI data)
Jul 20 08:24:24 localhost kernel: BIOS-e820: 000000003feff000 - 000000003ff00000 (ACPI NVS)
Jul 20 08:24:24 localhost kernel: BIOS-e820: 000000003ff00000 - 0000000040000000 (usable)
Jul 20 08:24:24 localhost kernel: BIOS-e820: 00000000f0000000 - 00000000f8000000 (reserved)
Jul 20 08:24:24 localhost kernel: BIOS-e820: 00000000fec00000 - 00000000fec10000 (reserved)
Jul 20 08:24:24 localhost kernel: BIOS-e820: 00000000fee00000 - 00000000fee01000 (reserved)
Jul 20 08:24:24 localhost kernel: BIOS-e820: 00000000fffe0000 - 0000000100000000 (reserved)
Jul 20 08:24:24 localhost kernel: DMI present.
Jul 20 08:24:24 localhost kernel: SMBIOS version 2.4 @ 0xF6A70
Jul 20 08:24:24 localhost kernel: Phoenix BIOS detected: BIOS may corrupt low RAM, working around it.
Jul 20 08:24:24 localhost kernel: Hypervisor detected: VMware
Jul 20 08:24:24 localhost kernel: last_pfn = 0x40000 max_arch_pfn = 0x400000000
Jul 20 08:24:24 localhost kernel: x86 PAT enabled: cpu 0, old 0x0, new 0x7010600070106
Jul 20 08:24:24 localhost kernel: Using GB pages for direct mapping
Jul 20 08:24:24 localhost kernel: init_memory_mapping: 0000000000000000-0000000040000000
Jul 20 08:24:24 localhost kernel: RAMDISK: 36e5a000 - 37fef2b5
Jul 20 08:24:24 localhost kernel: ACPI: RSDP 00000000000f6ac0 00024 (v02 PTLTD )
Jul 20 08:24:24 localhost kernel: ACPI: XSDT 000000003feeda33 0005C (v01 INTEL  440BX    06040000 VMW  01324272)
Jul 20 08:24:24 localhost kernel: ACPI: FACP 000000003fefee73 000F4 (v04 INTEL  440BX    06040000 PTL  000F4240)
Jul 20 08:24:24 localhost kernel: ACPI: DSDT 000000003feee82f 10644 (v01 PTLTD  Custom   06040000 MSFT 03000001)
Jul 20 08:24:24 localhost kernel: ACPI: FACS 000000003fefffc0 00040
Jul 20 08:24:24 localhost kernel: ACPI: BOOT 000000003feee807 00028 (v01 PTLTD  $SBFTBL$ 06040000  LTP 00000001)
Jul 20 08:24:24 localhost kernel: ACPI: APIC 000000003feee445 003C2 (v01 PTLTD  ? APIC   06040000  LTP 00000000)
Jul 20 08:24:24 localhost kernel: ACPI: MCFG 000000003feee409 0003C (v01 PTLTD  $PCITBL$ 06040000  LTP 00000001)
Jul 20 08:24:24 localhost kernel: ACPI: SRAT 000000003feedb2f 004D0 (v02 VMWARE MEMPLUG  06040000 VMW  00000001)
Jul 20 08:24:24 localhost kernel: ACPI: HPET 000000003feedaf7 00038 (v01 VMWARE VMW HPET 06040000 VMW  00000001)
Jul 20 08:24:24 localhost kernel: ACPI: WAET 000000003feedacf 00028 (v01 VMWARE VMW WAET 06040000 VMW  00000001)
Jul 20 08:24:24 localhost kernel: Setting APIC routing to physical flat.
Jul 20 08:24:24 localhost kernel: SRAT: PXM 0 -> APIC 0 -> Node 0
Jul 20 08:24:24 localhost kernel: SRAT: PXM 0 -> APIC 1 -> Node 0
Jul 20 08:24:24 localhost kernel: SRAT: PXM 0 -> APIC 2 -> Node 0
Jul 20 08:24:24 localhost kernel: SRAT: PXM 0 -> APIC 3 -> Node 0
Jul 20 08:24:24 localhost kernel: SRAT: PXM 0 -> APIC 4 -> Node 0
Jul 20 08:24:24 localhost kernel: SRAT: PXM 0 -> APIC 5 -> Node 0
Jul 20 08:24:24 localhost kernel: SRAT: PXM 0 -> APIC 6 -> Node 0
Jul 20 08:24:24 localhost kernel: SRAT: PXM 0 -> APIC 7 -> Node 0
Jul 20 08:24:24 localhost kernel: SRAT: PXM 0 -> APIC 8 -> Node 0
Jul 20 08:24:24 localhost kernel: SRAT: PXM 0 -> APIC 9 -> Node 0
Jul 20 08:24:24 localhost kernel: SRAT: PXM 0 -> APIC 10 -> Node 0
Jul 20 08:24:24 localhost kernel: SRAT: PXM 0 -> APIC 11 -> Node 0
Jul 20 08:24:24 localhost kernel: SRAT: PXM 0 -> APIC 12 -> Node 0
Jul 20 08:24:24 localhost kernel: SRAT: PXM 0 -> APIC 13 -> Node 0
Jul 20 08:24:24 localhost kernel: SRAT: PXM 0 -> APIC 14 -> Node 0
Jul 20 08:24:24 localhost kernel: SRAT: PXM 0 -> APIC 15 -> Node 0
Jul 20 08:24:24 localhost kernel: SRAT: PXM 0 -> APIC 16 -> Node 0
Jul 20 08:24:24 localhost kernel: SRAT: PXM 0 -> APIC 17 -> Node 0
Jul 20 08:24:24 localhost kernel: SRAT: PXM 0 -> APIC 18 -> Node 0
Jul 20 08:24:24 localhost kernel: SRAT: PXM 0 -> APIC 19 -> Node 0
Jul 20 08:24:24 localhost kernel: SRAT: PXM 0 -> APIC 20 -> Node 0
Jul 20 08:24:24 localhost kernel: SRAT: PXM 0 -> APIC 21 -> Node 0
Jul 20 08:24:24 localhost kernel: SRAT: PXM 0 -> APIC 22 -> Node 0
Jul 20 08:24:24 localhost kernel: SRAT: PXM 0 -> APIC 23 -> Node 0
Jul 20 08:24:24 localhost kernel: SRAT: PXM 0 -> APIC 24 -> Node 0
Jul 20 08:24:24 localhost kernel: SRAT: PXM 0 -> APIC 25 -> Node 0
Jul 20 08:24:24 localhost kernel: SRAT: PXM 0 -> APIC 26 -> Node 0
Jul 20 08:24:24 localhost kernel: SRAT: PXM 0 -> APIC 27 -> Node 0
Jul 20 08:24:24 localhost kernel: SRAT: PXM 0 -> APIC 28 -> Node 0
Jul 20 08:24:24 localhost kernel: SRAT: PXM 0 -> APIC 29 -> Node 0
Jul 20 08:24:24 localhost kernel: SRAT: PXM 0 -> APIC 30 -> Node 0
Jul 20 08:24:24 localhost kernel: SRAT: PXM 0 -> APIC 31 -> Node 0
Jul 20 08:24:24 localhost kernel: SRAT: PXM 0 -> APIC 32 -> Node 0
Jul 20 08:24:24 localhost kernel: SRAT: PXM 0 -> APIC 33 -> Node 0
Jul 20 08:24:24 localhost kernel: SRAT: PXM 0 -> APIC 34 -> Node 0
Jul 20 08:24:24 localhost kernel: SRAT: PXM 0 -> APIC 35 -> Node 0
Jul 20 08:24:24 localhost kernel: SRAT: PXM 0 -> APIC 36 -> Node 0
Jul 20 08:24:24 localhost kernel: SRAT: PXM 0 -> APIC 37 -> Node 0
Jul 20 08:24:24 localhost kernel: SRAT: PXM 0 -> APIC 38 -> Node 0
Jul 20 08:24:24 localhost kernel: SRAT: PXM 0 -> APIC 39 -> Node 0
Jul 20 08:24:24 localhost kernel: SRAT: PXM 0 -> APIC 40 -> Node 0
Jul 20 08:24:24 localhost kernel: SRAT: PXM 0 -> APIC 41 -> Node 0
Jul 20 08:24:24 localhost kernel: SRAT: PXM 0 -> APIC 42 -> Node 0
Jul 20 08:24:24 localhost kernel: SRAT: PXM 0 -> APIC 43 -> Node 0
Jul 20 08:24:24 localhost kernel: SRAT: PXM 0 -> APIC 44 -> Node 0
Jul 20 08:24:24 localhost kernel: SRAT: PXM 0 -> APIC 45 -> Node 0
Jul 20 08:24:24 localhost kernel: SRAT: PXM 0 -> APIC 46 -> Node 0
Jul 20 08:24:24 localhost kernel: SRAT: PXM 0 -> APIC 47 -> Node 0
Jul 20 08:24:24 localhost kernel: SRAT: PXM 0 -> APIC 48 -> Node 0
Jul 20 08:24:24 localhost kernel: SRAT: PXM 0 -> APIC 49 -> Node 0
Jul 20 08:24:24 localhost kernel: SRAT: PXM 0 -> APIC 50 -> Node 0
Jul 20 08:24:24 localhost kernel: SRAT: PXM 0 -> APIC 51 -> Node 0
Jul 20 08:24:24 localhost kernel: SRAT: PXM 0 -> APIC 52 -> Node 0
Jul 20 08:24:24 localhost kernel: SRAT: PXM 0 -> APIC 53 -> Node 0
Jul 20 08:24:24 localhost kernel: SRAT: PXM 0 -> APIC 54 -> Node 0
Jul 20 08:24:24 localhost kernel: SRAT: PXM 0 -> APIC 55 -> Node 0
Jul 20 08:24:24 localhost kernel: SRAT: PXM 0 -> APIC 56 -> Node 0
Jul 20 08:24:24 localhost kernel: SRAT: PXM 0 -> APIC 57 -> Node 0
Jul 20 08:24:24 localhost kernel: SRAT: PXM 0 -> APIC 58 -> Node 0
Jul 20 08:24:24 localhost kernel: SRAT: PXM 0 -> APIC 59 -> Node 0
Jul 20 08:24:24 localhost kernel: SRAT: PXM 0 -> APIC 60 -> Node 0
Jul 20 08:24:24 localhost kernel: SRAT: PXM 0 -> APIC 61 -> Node 0
Jul 20 08:24:24 localhost kernel: SRAT: PXM 0 -> APIC 62 -> Node 0
Jul 20 08:24:24 localhost kernel: SRAT: PXM 0 -> APIC 63 -> Node 0
Jul 20 08:24:24 localhost kernel: SRAT: Node 0 PXM 0 0-a0000
Jul 20 08:24:24 localhost kernel: SRAT: Node 0 PXM 0 100000-10000000
Jul 20 08:24:24 localhost kernel: SRAT: Node 0 PXM 0 10000000-40000000
Jul 20 08:24:24 localhost kernel: SRAT: Node 0 PXM 0 40000000-c0000000
Jul 20 08:24:24 localhost kernel: SRAT: hot plug zone found 40000000 - c0000000
Jul 20 08:24:24 localhost kernel: Bootmem setup node 0 0000000000000000-0000000040000000
Jul 20 08:24:24 localhost kernel:  NODE_DATA [0000000000011840 - 000000000004583f]
Jul 20 08:24:24 localhost kernel:  bootmap [0000000000046000 -  000000000004dfff] pages 8
Jul 20 08:24:24 localhost kernel: (7 early reservations) ==> bootmem [0000000000 - 0040000000]
Jul 20 08:24:24 localhost kernel:  #0 [0000000000 - 0000001000]   BIOS data page ==> [0000000000 - 0000001000]
Jul 20 08:24:24 localhost kernel:  #1 [0000006000 - 0000008000]       TRAMPOLINE ==> [0000006000 - 0000008000]
Jul 20 08:24:24 localhost kernel:  #2 [0001000000 - 000202abe4]    TEXT DATA BSS ==> [0001000000 - 000202abe4]
Jul 20 08:24:24 localhost kernel:  #3 [0036e5a000 - 0037fef2b5]          RAMDISK ==> [0036e5a000 - 0037fef2b5]
Jul 20 08:24:24 localhost kernel:  #4 [000009f000 - 0000100000]    BIOS reserved ==> [000009f000 - 0000100000]
Jul 20 08:24:24 localhost kernel:  #5 [000202b000 - 000202bf9d]              BRK ==> [000202b000 - 000202bf9d]
Jul 20 08:24:24 localhost kernel:  #6 [0000010000 - 0000011840]       MEMNODEMAP ==> [0000010000 - 0000011840]
Jul 20 08:24:24 localhost kernel: found SMP MP-table at [ffff8800000f6b30] f6b30
Jul 20 08:24:24 localhost kernel: crashkernel=auto resulted in zero bytes of reserved memory.
Jul 20 08:24:24 localhost kernel: Zone PFN ranges:
Jul 20 08:24:24 localhost kernel:  DMA      0x00000010 -> 0x00001000
Jul 20 08:24:24 localhost kernel:  DMA32    0x00001000 -> 0x00100000
Jul 20 08:24:24 localhost kernel:  Normal   0x00100000 -> 0x00100000
Jul 20 08:24:24 localhost kernel: Movable zone start PFN for each node
Jul 20 08:24:24 localhost kernel: early_node_map[3] active PFN ranges
Jul 20 08:24:24 localhost kernel:    0: 0x00000010 -> 0x0000009f
Jul 20 08:24:24 localhost kernel:    0: 0x00000100 -> 0x0003fee0
Jul 20 08:24:24 localhost kernel:    0: 0x0003ff00 -> 0x00040000
Jul 20 08:24:24 localhost kernel: ACPI: PM-Timer IO Port: 0x1008
Jul 20 08:24:24 localhost kernel: Setting APIC routing to physical flat.
Jul 20 08:24:24 localhost kernel: ACPI: LAPIC (acpi_id[0x00] lapic_id[0x00] enabled)
Jul 20 08:24:24 localhost kernel: ACPI: LAPIC (acpi_id[0x01] lapic_id[0x01] enabled)
Jul 20 08:24:24 localhost kernel: ACPI: LAPIC (acpi_id[0x02] lapic_id[0x02] disabled)
Jul 20 08:24:24 localhost kernel: ACPI: LAPIC (acpi_id[0x03] lapic_id[0x03] disabled)
Jul 20 08:24:24 localhost kernel: ACPI: LAPIC (acpi_id[0x04] lapic_id[0x04] disabled)
Jul 20 08:24:24 localhost kernel: ACPI: LAPIC (acpi_id[0x05] lapic_id[0x05] disabled)
Jul 20 08:24:24 localhost kernel: ACPI: LAPIC (acpi_id[0x06] lapic_id[0x06] disabled)
Jul 20 08:24:24 localhost kernel: ACPI: LAPIC (acpi_id[0x07] lapic_id[0x07] disabled)
Jul 20 08:24:24 localhost kernel: ACPI: LAPIC (acpi_id[0x08] lapic_id[0x08] disabled)
Jul 20 08:24:24 localhost kernel: ACPI: LAPIC (acpi_id[0x09] lapic_id[0x09] disabled)
Jul 20 08:24:24 localhost kernel: ACPI: LAPIC (acpi_id[0x0a] lapic_id[0x0a] disabled)
Jul 20 08:24:24 localhost kernel: ACPI: LAPIC (acpi_id[0x0b] lapic_id[0x0b] disabled)
Jul 20 08:24:24 localhost kernel: ACPI: LAPIC (acpi_id[0x0c] lapic_id[0x0c] disabled)
Jul 20 08:24:24 localhost kernel: ACPI: LAPIC (acpi_id[0x0d] lapic_id[0x0d] disabled)
Jul 20 08:24:24 localhost kernel: ACPI: LAPIC (acpi_id[0x0e] lapic_id[0x0e] disabled)
Jul 20 08:24:24 localhost kernel: ACPI: LAPIC (acpi_id[0x0f] lapic_id[0x0f] disabled)
Jul 20 08:24:24 localhost kernel: ACPI: LAPIC (acpi_id[0x10] lapic_id[0x10] disabled)
Jul 20 08:24:24 localhost kernel: ACPI: LAPIC (acpi_id[0x11] lapic_id[0x11] disabled)
Jul 20 08:24:24 localhost kernel: ACPI: LAPIC (acpi_id[0x12] lapic_id[0x12] disabled)
Jul 20 08:24:24 localhost kernel: ACPI: LAPIC (acpi_id[0x13] lapic_id[0x13] disabled)
Jul 20 08:24:24 localhost kernel: ACPI: LAPIC (acpi_id[0x14] lapic_id[0x14] disabled)
Jul 20 08:24:24 localhost kernel: ACPI: LAPIC (acpi_id[0x15] lapic_id[0x15] disabled)
Jul 20 08:24:24 localhost kernel: ACPI: LAPIC (acpi_id[0x16] lapic_id[0x16] disabled)
Jul 20 08:24:24 localhost kernel: ACPI: LAPIC (acpi_id[0x17] lapic_id[0x17] disabled)
Jul 20 08:24:24 localhost kernel: ACPI: LAPIC (acpi_id[0x18] lapic_id[0x18] disabled)
Jul 20 08:24:24 localhost kernel: ACPI: LAPIC (acpi_id[0x19] lapic_id[0x19] disabled)
Jul 20 08:24:24 localhost kernel: ACPI: LAPIC (acpi_id[0x1a] lapic_id[0x1a] disabled)
Jul 20 08:24:24 localhost kernel: ACPI: LAPIC (acpi_id[0x1b] lapic_id[0x1b] disabled)
Jul 20 08:24:24 localhost kernel: ACPI: LAPIC (acpi_id[0x1c] lapic_id[0x1c] disabled)
Jul 20 08:24:24 localhost kernel: ACPI: LAPIC (acpi_id[0x1d] lapic_id[0x1d] disabled)
Jul 20 08:24:24 localhost kernel: ACPI: LAPIC (acpi_id[0x1e] lapic_id[0x1e] disabled)
Jul 20 08:24:24 localhost kernel: ACPI: LAPIC (acpi_id[0x1f] lapic_id[0x1f] disabled)
Jul 20 08:24:24 localhost kernel: ACPI: LAPIC (acpi_id[0x20] lapic_id[0x20] disabled)
Jul 20 08:24:24 localhost kernel: ACPI: LAPIC (acpi_id[0x21] lapic_id[0x21] disabled)
Jul 20 08:24:24 localhost kernel: ACPI: LAPIC (acpi_id[0x22] lapic_id[0x22] disabled)
Jul 20 08:24:24 localhost kernel: ACPI: LAPIC (acpi_id[0x23] lapic_id[0x23] disabled)
Jul 20 08:24:24 localhost kernel: ACPI: LAPIC (acpi_id[0x24] lapic_id[0x24] disabled)
Jul 20 08:24:24 localhost kernel: ACPI: LAPIC (acpi_id[0x25] lapic_id[0x25] disabled)
Jul 20 08:24:24 localhost kernel: ACPI: LAPIC (acpi_id[0x26] lapic_id[0x26] disabled)
Jul 20 08:24:24 localhost kernel: ACPI: LAPIC (acpi_id[0x27] lapic_id[0x27] disabled)
Jul 20 08:24:24 localhost kernel: ACPI: LAPIC (acpi_id[0x28] lapic_id[0x28] disabled)
Jul 20 08:24:24 localhost kernel: ACPI: LAPIC (acpi_id[0x29] lapic_id[0x29] disabled)
Jul 20 08:24:24 localhost kernel: ACPI: LAPIC (acpi_id[0x2a] lapic_id[0x2a] disabled)
Jul 20 08:24:24 localhost kernel: ACPI: LAPIC (acpi_id[0x2b] lapic_id[0x2b] disabled)
Jul 20 08:24:24 localhost kernel: ACPI: LAPIC (acpi_id[0x2c] lapic_id[0x2c] disabled)
Jul 20 08:24:24 localhost kernel: ACPI: LAPIC (acpi_id[0x2d] lapic_id[0x2d] disabled)
Jul 20 08:24:24 localhost kernel: ACPI: LAPIC (acpi_id[0x2e] lapic_id[0x2e] disabled)
Jul 20 08:24:24 localhost kernel: ACPI: LAPIC (acpi_id[0x2f] lapic_id[0x2f] disabled)
Jul 20 08:24:24 localhost kernel: ACPI: LAPIC (acpi_id[0x30] lapic_id[0x30] disabled)
Jul 20 08:24:24 localhost kernel: ACPI: LAPIC (acpi_id[0x31] lapic_id[0x31] disabled)
Jul 20 08:24:24 localhost kernel: ACPI: LAPIC (acpi_id[0x32] lapic_id[0x32] disabled)
Jul 20 08:24:24 localhost kernel: ACPI: LAPIC (acpi_id[0x33] lapic_id[0x33] disabled)
Jul 20 08:24:24 localhost kernel: ACPI: LAPIC (acpi_id[0x34] lapic_id[0x34] disabled)
Jul 20 08:24:24 localhost kernel: ACPI: LAPIC (acpi_id[0x35] lapic_id[0x35] disabled)
Jul 20 08:24:24 localhost kernel: ACPI: LAPIC (acpi_id[0x36] lapic_id[0x36] disabled)
Jul 20 08:24:24 localhost kernel: ACPI: LAPIC (acpi_id[0x37] lapic_id[0x37] disabled)
Jul 20 08:24:24 localhost kernel: ACPI: LAPIC (acpi_id[0x38] lapic_id[0x38] disabled)
Jul 20 08:24:24 localhost kernel: ACPI: LAPIC (acpi_id[0x39] lapic_id[0x39] disabled)
Jul 20 08:24:24 localhost kernel: ACPI: LAPIC (acpi_id[0x3a] lapic_id[0x3a] disabled)
Jul 20 08:24:24 localhost kernel: ACPI: LAPIC (acpi_id[0x3b] lapic_id[0x3b] disabled)
Jul 20 08:24:24 localhost kernel: ACPI: LAPIC (acpi_id[0x3c] lapic_id[0x3c] disabled)
Jul 20 08:24:24 localhost kernel: ACPI: LAPIC (acpi_id[0x3d] lapic_id[0x3d] disabled)
Jul 20 08:24:24 localhost kernel: ACPI: LAPIC (acpi_id[0x3e] lapic_id[0x3e] disabled)
Jul 20 08:24:24 localhost kernel: ACPI: LAPIC (acpi_id[0x3f] lapic_id[0x3f] disabled)
Jul 20 08:24:24 localhost kernel: ACPI: LAPIC_NMI (acpi_id[0x00] high edge lint[0x1])
Jul 20 08:24:24 localhost kernel: ACPI: LAPIC_NMI (acpi_id[0x01] high edge lint[0x1])
Jul 20 08:24:24 localhost kernel: ACPI: LAPIC_NMI (acpi_id[0x02] high edge lint[0x1])
Jul 20 08:24:24 localhost kernel: ACPI: LAPIC_NMI (acpi_id[0x03] high edge lint[0x1])
Jul 20 08:24:24 localhost kernel: ACPI: LAPIC_NMI (acpi_id[0x04] high edge lint[0x1])
Jul 20 08:24:24 localhost kernel: ACPI: LAPIC_NMI (acpi_id[0x05] high edge lint[0x1])
Jul 20 08:24:24 localhost kernel: ACPI: LAPIC_NMI (acpi_id[0x06] high edge lint[0x1])
Jul 20 08:24:24 localhost kernel: ACPI: LAPIC_NMI (acpi_id[0x07] high edge lint[0x1])
Jul 20 08:24:24 localhost kernel: ACPI: LAPIC_NMI (acpi_id[0x08] high edge lint[0x1])
Jul 20 08:24:24 localhost kernel: ACPI: LAPIC_NMI (acpi_id[0x09] high edge lint[0x1])
Jul 20 08:24:24 localhost kernel: ACPI: LAPIC_NMI (acpi_id[0x0a] high edge lint[0x1])
Jul 20 08:24:24 localhost kernel: ACPI: LAPIC_NMI (acpi_id[0x0b] high edge lint[0x1])
Jul 20 08:24:24 localhost kernel: ACPI: LAPIC_NMI (acpi_id[0x0c] high edge lint[0x1])
Jul 20 08:24:24 localhost kernel: ACPI: LAPIC_NMI (acpi_id[0x0d] high edge lint[0x1])
Jul 20 08:24:24 localhost kernel: ACPI: LAPIC_NMI (acpi_id[0x0e] high edge lint[0x1])
Jul 20 08:24:24 localhost kernel: ACPI: LAPIC_NMI (acpi_id[0x0f] high edge lint[0x1])
Jul 20 08:24:24 localhost kernel: ACPI: LAPIC_NMI (acpi_id[0x10] high edge lint[0x1])
Jul 20 08:24:24 localhost kernel: ACPI: LAPIC_NMI (acpi_id[0x11] high edge lint[0x1])
Jul 20 08:24:24 localhost kernel: ACPI: LAPIC_NMI (acpi_id[0x12] high edge lint[0x1])
Jul 20 08:24:24 localhost kernel: ACPI: LAPIC_NMI (acpi_id[0x13] high edge lint[0x1])
Jul 20 08:24:24 localhost kernel: ACPI: LAPIC_NMI (acpi_id[0x14] high edge lint[0x1])
Jul 20 08:24:24 localhost kernel: ACPI: LAPIC_NMI (acpi_id[0x15] high edge lint[0x1])
Jul 20 08:24:24 localhost kernel: ACPI: LAPIC_NMI (acpi_id[0x16] high edge lint[0x1])
Jul 20 08:24:24 localhost kernel: ACPI: LAPIC_NMI (acpi_id[0x17] high edge lint[0x1])
Jul 20 08:24:24 localhost kernel: ACPI: LAPIC_NMI (acpi_id[0x18] high edge lint[0x1])
Jul 20 08:24:24 localhost kernel: ACPI: LAPIC_NMI (acpi_id[0x19] high edge lint[0x1])
Jul 20 08:24:24 localhost kernel: ACPI: LAPIC_NMI (acpi_id[0x1a] high edge lint[0x1])
Jul 20 08:24:24 localhost kernel: ACPI: LAPIC_NMI (acpi_id[0x1b] high edge lint[0x1])
Jul 20 08:24:24 localhost kernel: ACPI: LAPIC_NMI (acpi_id[0x1c] high edge lint[0x1])
Jul 20 08:24:24 localhost kernel: ACPI: LAPIC_NMI (acpi_id[0x1d] high edge lint[0x1])
Jul 20 08:24:24 localhost kernel: ACPI: LAPIC_NMI (acpi_id[0x1e] high edge lint[0x1])
Jul 20 08:24:24 localhost kernel: ACPI: LAPIC_NMI (acpi_id[0x1f] high edge lint[0x1])
Jul 20 08:24:24 localhost kernel: ACPI: LAPIC_NMI (acpi_id[0x20] high edge lint[0x1])
Jul 20 08:24:24 localhost kernel: ACPI: LAPIC_NMI (acpi_id[0x21] high edge lint[0x1])
Jul 20 08:24:24 localhost kernel: ACPI: LAPIC_NMI (acpi_id[0x22] high edge lint[0x1])
Jul 20 08:24:24 localhost kernel: ACPI: LAPIC_NMI (acpi_id[0x23] high edge lint[0x1])
Jul 20 08:24:24 localhost kernel: ACPI: LAPIC_NMI (acpi_id[0x24] high edge lint[0x1])
Jul 20 08:24:24 localhost kernel: ACPI: LAPIC_NMI (acpi_id[0x25] high edge lint[0x1])
Jul 20 08:24:24 localhost kernel: ACPI: LAPIC_NMI (acpi_id[0x26] high edge lint[0x1])
Jul 20 08:24:24 localhost kernel: ACPI: LAPIC_NMI (acpi_id[0x27] high edge lint[0x1])
Jul 20 08:24:24 localhost kernel: ACPI: LAPIC_NMI (acpi_id[0x28] high edge lint[0x1])
Jul 20 08:24:24 localhost kernel: ACPI: LAPIC_NMI (acpi_id[0x29] high edge lint[0x1])
Jul 20 08:24:24 localhost kernel: ACPI: LAPIC_NMI (acpi_id[0x2a] high edge lint[0x1])
Jul 20 08:24:24 localhost kernel: ACPI: LAPIC_NMI (acpi_id[0x2b] high edge lint[0x1])
Jul 20 08:24:24 localhost kernel: ACPI: LAPIC_NMI (acpi_id[0x2c] high edge lint[0x1])
Jul 20 08:24:24 localhost kernel: ACPI: LAPIC_NMI (acpi_id[0x2d] high edge lint[0x1])
Jul 20 08:24:24 localhost kernel: ACPI: LAPIC_NMI (acpi_id[0x2e] high edge lint[0x1])
Jul 20 08:24:24 localhost kernel: ACPI: LAPIC_NMI (acpi_id[0x2f] high edge lint[0x1])
Jul 20 08:24:24 localhost kernel: ACPI: LAPIC_NMI (acpi_id[0x30] high edge lint[0x1])
Jul 20 08:24:24 localhost kernel: ACPI: LAPIC_NMI (acpi_id[0x31] high edge lint[0x1])
Jul 20 08:24:24 localhost kernel: ACPI: LAPIC_NMI (acpi_id[0x32] high edge lint[0x1])
Jul 20 08:24:24 localhost kernel: ACPI: LAPIC_NMI (acpi_id[0x33] high edge lint[0x1])
Jul 20 08:24:24 localhost kernel: ACPI: LAPIC_NMI (acpi_id[0x34] high edge lint[0x1])
Jul 20 08:24:24 localhost kernel: ACPI: LAPIC_NMI (acpi_id[0x35] high edge lint[0x1])
Jul 20 08:24:24 localhost kernel: ACPI: LAPIC_NMI (acpi_id[0x36] high edge lint[0x1])
Jul 20 08:24:24 localhost kernel: ACPI: LAPIC_NMI (acpi_id[0x37] high edge lint[0x1])
Jul 20 08:24:24 localhost kernel: ACPI: LAPIC_NMI (acpi_id[0x38] high edge lint[0x1])
Jul 20 08:24:24 localhost kernel: ACPI: LAPIC_NMI (acpi_id[0x39] high edge lint[0x1])
Jul 20 08:24:24 localhost kernel: ACPI: LAPIC_NMI (acpi_id[0x3a] high edge lint[0x1])
Jul 20 08:24:24 localhost kernel: ACPI: LAPIC_NMI (acpi_id[0x3b] high edge lint[0x1])
Jul 20 08:24:24 localhost kernel: ACPI: LAPIC_NMI (acpi_id[0x3c] high edge lint[0x1])
Jul 20 08:24:24 localhost kernel: ACPI: LAPIC_NMI (acpi_id[0x3d] high edge lint[0x1])
Jul 20 08:24:24 localhost kernel: ACPI: LAPIC_NMI (acpi_id[0x3e] high edge lint[0x1])
Jul 20 08:24:24 localhost kernel: ACPI: LAPIC_NMI (acpi_id[0x3f] high edge lint[0x1])
Jul 20 08:24:24 localhost kernel: ACPI: IOAPIC (id[0x40] address[0xfec00000] gsi_base[0])
Jul 20 08:24:24 localhost kernel: IOAPIC[0]: apic_id 64, version 17, address 0xfec00000, GSI 0-23
Jul 20 08:24:24 localhost kernel: ACPI: INT_SRC_OVR (bus 0 bus_irq 0 global_irq 2 high edge)
Jul 20 08:24:24 localhost kernel: Using ACPI (MADT) for SMP configuration information
Jul 20 08:24:24 localhost kernel: ACPI: HPET id: 0x8086af01 base: 0xfed00000
Jul 20 08:24:24 localhost kernel: SMP: Allowing 64 CPUs, 62 hotplug CPUs
Jul 20 08:24:24 localhost kernel: PM: Registered nosave memory: 000000000009f000 - 00000000000a0000
Jul 20 08:24:24 localhost kernel: PM: Registered nosave memory: 00000000000a0000 - 00000000000dc000
